0 verbose cli C:\Program Files\node.exe C:\Program Files\node_modules\npm\bin\npm-cli.js
1 info using npm@11.13.0
2 info using node@v24.16.0
3 silly config load:file:C:\Program Files\node_modules\npm\npmrc
4 silly config load:file:D:\Files\WorkSpace\vibe-coding\memophotos\.npmrc
5 silly config load:file:C:\Users\SlantedBookshelf\.npmrc
6 silly config load:file:C:\Users\SlantedBookshelf\AppData\Roaming\npm\etc\npmrc
7 verbose title npm install
8 verbose argv "install" "--cache" ".npm-cache"
9 verbose logfile logs-max:10 dir:D:\Files\WorkSpace\vibe-coding\memophotos\.npm-cache\_logs\2026-09-21T09_44_23_678Z-
10 verbose logfile D:\Files\WorkSpace\vibe-coding\memophotos\.npm-cache\_logs\2026-09-21T09_44_23_678Z-debug-0.log
11 silly logfile done cleaning log files
12 silly packumentCache heap:4496293888 maxSize:1124073472 maxEntrySize:562036736
13 silly idealTree buildDeps
14 silly reify moves {}
15 silly audit bulk request {
15 silly audit   '@babel/helper-string-parser': [ '7.29.7' ],
15 silly audit   '@babel/helper-validator-identifier': [ '7.29.7' ],
15 silly audit   '@babel/parser': [ '7.29.9' ],
15 silly audit   '@babel/types': [ '7.29.8' ],
15 silly audit   '@jridgewell/gen-mapping': [ '0.3.13' ],
15 silly audit   '@jridgewell/remapping': [ '2.3.5' ],
15 silly audit   '@jridgewell/resolve-uri': [ '3.1.2' ],
15 silly audit   '@jridgewell/sourcemap-codec': [ '1.6.0' ],
15 silly audit   '@jridgewell/trace-mapping': [ '0.3.31' ],
15 silly audit   '@oxc-project/types': [ '0.150.0' ],
15 silly audit   '@phosphor-icons/vue': [ '2.2.1' ],
15 silly audit   '@rolldown/binding-android-arm-eabi': [ '1.2.9' ],
15 silly audit   '@rolldown/binding-android-arm64': [ '1.2.9' ],
15 silly audit   '@rolldown/binding-darwin-arm64': [ '1.2.9' ],
15 silly audit   '@rolldown/binding-darwin-x64': [ '1.2.9' ],
15 silly audit   '@rolldown/binding-freebsd-x64': [ '1.2.9' ],
15 silly audit   '@rolldown/binding-linux-arm-gnueabihf': [ '1.2.9' ],
15 silly audit   '@rolldown/binding-linux-arm64-gnu': [ '1.2.9' ],
15 silly audit   '@rolldown/binding-linux-arm64-musl': [ '1.2.9' ],
15 silly audit   '@rolldown/binding-linux-ppc64-gnu': [ '1.2.9' ],
15 silly audit   '@rolldown/binding-linux-s390x-gnu': [ '1.2.9' ],
15 silly audit   '@rolldown/binding-linux-x64-gnu': [ '1.2.9' ],
15 silly audit   '@rolldown/binding-linux-x64-musl': [ '1.2.9' ],
15 silly audit   '@rolldown/binding-openharmony-arm64': [ '1.2.9' ],
15 silly audit   '@rolldown/binding-win32-arm64-msvc': [ '1.2.9' ],
15 silly audit   '@rolldown/binding-win32-x64-msvc': [ '1.2.9' ],
15 silly audit   '@rolldown/pluginutils': [ '1.0.1' ],
15 silly audit   '@vitejs/plugin-vue': [ '6.0.9' ],
15 silly audit   '@vue-macros/common': [ '3.1.4' ],
15 silly audit   '@vue/compiler-core': [ '3.5.43' ],
15 silly audit   '@vue/compiler-dom': [ '3.5.43' ],
15 silly audit   '@vue/compiler-sfc': [ '3.5.43' ],
15 silly audit   '@vue/compiler-ssr': [ '3.5.43' ],
15 silly audit   '@vue/devtools-api': [ '8.2.1' ],
15 silly audit   '@vue/devtools-kit': [ '8.2.1' ],
15 silly audit   '@vue/devtools-shared': [ '8.2.1' ],
15 silly audit   '@vue/reactivity': [ '3.5.43' ],
15 silly audit   '@vue/runtime-core': [ '3.5.43' ],
15 silly audit   '@vue/runtime-dom': [ '3.5.43' ],
15 silly audit   '@vue/server-renderer': [ '3.5.43' ],
15 silly audit   '@vue/shared': [ '3.5.43' ],
15 silly audit   acorn: [ '8.18.0' ],
15 silly audit   'ast-kit': [ '2.2.0' ],
15 silly audit   'ast-walker-scope': [ '0.9.0' ],
15 silly audit   birpc: [ '2.9.0' ],
15 silly audit   chokidar: [ '5.0.0' ],
15 silly audit   confbox: [ '0.2.4', '0.1.8', '0.3.1' ],
15 silly audit   csstype: [ '3.2.3' ],
15 silly audit   'detect-libc': [ '2.1.2' ],
15 silly audit   dexie: [ '4.4.6' ],
15 silly audit   'dexie-export-import': [ '4.4.1' ],
15 silly audit   entities: [ '7.0.1' ],
15 silly audit   'estree-walker': [ '2.0.2' ],
15 silly audit   exsolve: [ '1.1.1' ],
15 silly audit   fdir: [ '6.5.0' ],
15 silly audit   fsevents: [ '2.3.3' ],
15 silly audit   hookable: [ '5.5.3' ],
15 silly audit   lightningcss: [ '1.33.0' ],
15 silly audit   'lightningcss-android-arm64': [ '1.33.0' ],
15 silly audit   'lightningcss-darwin-arm64': [ '1.33.0' ],
15 silly audit   'lightningcss-darwin-x64': [ '1.33.0' ],
15 silly audit   'lightningcss-freebsd-x64': [ '1.33.0' ],
15 silly audit   'lightningcss-linux-arm-gnueabihf': [ '1.33.0' ],
15 silly audit   'lightningcss-linux-arm64-gnu': [ '1.33.0' ],
15 silly audit   'lightningcss-linux-arm64-musl': [ '1.33.0' ],
15 silly audit   'lightningcss-linux-x64-gnu': [ '1.33.0' ],
15 silly audit   'lightningcss-linux-x64-musl': [ '1.33.0' ],
15 silly audit   'lightningcss-win32-arm64-msvc': [ '1.33.0' ],
15 silly audit   'lightningcss-win32-x64-msvc': [ '1.33.0' ],
15 silly audit   'local-pkg': [ '1.2.1' ],
15 silly audit   'magic-string': [ '0.30.21' ],
15 silly audit   'magic-string-ast': [ '1.0.3' ],
15 silly audit   mlly: [ '1.8.2' ],
15 silly audit   'pkg-types': [ '1.3.1', '2.3.3' ],
15 silly audit   'muggle-string': [ '0.4.1' ],
15 silly audit   nanoid: [ '3.3.19' ],
15 silly audit   nostics: [ '1.2.0' ],
15 silly audit   pathe: [ '2.0.3' ],
15 silly audit   'perfect-debounce': [ '2.1.0' ],
15 silly audit   picocolors: [ '1.1.1' ],
15 silly audit   picomatch: [ '4.0.7' ],
15 silly audit   pinia: [ '4.0.3' ],
15 silly audit   postcss: [ '8.5.28' ],
15 silly audit   quansync: [ '0.2.11' ],
15 silly audit   readdirp: [ '5.1.1' ],
15 silly audit   rolldown: [ '1.2.9' ],
15 silly audit   scule: [ '1.3.0' ],
15 silly audit   'source-map-js': [ '1.2.1' ],
15 silly audit   tinyglobby: [ '0.2.17' ],
15 silly audit   ufo: [ '1.6.4' ],
15 silly audit   unplugin: [ '3.4.0' ],
15 silly audit   'unplugin-utils': [ '0.3.2' ],
15 silly audit   vite: [ '8.3.0' ],
15 silly audit   vue: [ '3.5.43' ],
15 silly audit   'vue-router': [ '5.3.1' ],
15 silly audit   'webpack-virtual-modules': [ '0.6.2' ]
15 silly audit }
16 http fetch POST 200 https://registry.npmjs.org/-/npm/v1/security/advisories/bulk 2123ms
17 silly audit report {}
18 verbose cwd D:\Files\WorkSpace\vibe-coding\memophotos
19 verbose os Windows_NT 10.0.26200
20 verbose node v24.16.0
21 verbose npm  v11.13.0
22 verbose exit 0
23 info ok
