0 verbose cli C:\Program Files\node.exe C:\Program Files\node_modules\npm\bin\npm-cli.js
1 info using npm@11.13.0
2 info using node@v24.16.0
3 silly config load:file:C:\Program Files\node_modules\npm\npmrc
4 silly config load:file:D:\Files\WorkSpace\vibe-coding\memophotos\.npmrc
5 silly config load:file:C:\Users\SlantedBookshelf\.npmrc
6 silly config load:file:C:\Users\SlantedBookshelf\AppData\Roaming\npm\etc\npmrc
7 verbose title npm install
8 verbose argv "install" "--cache" ".npm-cache"
9 verbose logfile logs-max:10 dir:D:\Files\WorkSpace\vibe-coding\memophotos\.npm-cache\_logs\2026-09-21T09_41_30_161Z-
10 verbose logfile D:\Files\WorkSpace\vibe-coding\memophotos\.npm-cache\_logs\2026-09-21T09_41_30_161Z-debug-0.log
11 silly logfile done cleaning log files
12 silly packumentCache heap:4496293888 maxSize:1124073472 maxEntrySize:562036736
13 silly idealTree buildDeps
14 silly fetch manifest @phosphor-icons/vue@latest
15 silly packumentCache full:https://registry.npmjs.org/@phosphor-icons%2fvue cache-miss
16 http fetch GET 200 https://registry.npmjs.org/@phosphor-icons%2fvue 1142ms (cache miss)
17 silly packumentCache full:https://registry.npmjs.org/@phosphor-icons%2fvue set size:undefined disposed:false
18 silly fetch manifest vue@latest
19 silly packumentCache full:https://registry.npmjs.org/vue cache-miss
20 http fetch GET 200 https://registry.npmjs.org/npm 2193ms
21 http fetch GET 200 https://registry.npmjs.org/vue 1746ms (cache miss)
22 silly packumentCache full:https://registry.npmjs.org/vue set size:undefined disposed:false
23 silly fetch manifest typescript@*
24 silly packumentCache full:https://registry.npmjs.org/typescript cache-miss
25 http fetch GET 200 https://registry.npmjs.org/typescript 4218ms (cache miss)
26 silly packumentCache full:https://registry.npmjs.org/typescript set size:undefined disposed:false
27 silly fetch manifest dexie@latest
28 silly packumentCache full:https://registry.npmjs.org/dexie cache-miss
29 http fetch GET 200 https://registry.npmjs.org/dexie 858ms (cache miss)
30 silly packumentCache full:https://registry.npmjs.org/dexie set size:undefined disposed:false
31 silly fetch manifest dexie-export-import@latest
32 silly packumentCache full:https://registry.npmjs.org/dexie-export-import cache-miss
33 http fetch GET 200 https://registry.npmjs.org/dexie-export-import 392ms (cache miss)
34 silly packumentCache full:https://registry.npmjs.org/dexie-export-import set size:undefined disposed:false
35 silly fetch manifest pinia@latest
36 silly packumentCache full:https://registry.npmjs.org/pinia cache-miss
37 http fetch GET 200 https://registry.npmjs.org/pinia 692ms (cache miss)
38 silly packumentCache full:https://registry.npmjs.org/pinia set size:undefined disposed:false
39 silly fetch manifest @vue/devtools-api@^8.1.5
40 silly packumentCache full:https://registry.npmjs.org/@vue%2fdevtools-api cache-miss
41 http fetch GET 200 https://registry.npmjs.org/@vue%2fdevtools-api 426ms (cache miss)
42 silly packumentCache full:https://registry.npmjs.org/@vue%2fdevtools-api set size:undefined disposed:false
43 silly fetch manifest typescript@>=5.6.0
44 silly packumentCache full:https://registry.npmjs.org/typescript cache-miss
45 http cache https://registry.npmjs.org/typescript 72ms (cache hit)
46 silly packumentCache full:https://registry.npmjs.org/typescript set size:15702331 disposed:false
47 silly fetch manifest vue-router@latest
48 silly packumentCache full:https://registry.npmjs.org/vue-router cache-miss
49 http fetch GET 200 https://registry.npmjs.org/vue-router 1072ms (cache miss)
50 silly packumentCache full:https://registry.npmjs.org/vue-router set size:undefined disposed:false
51 silly fetch manifest @pinia/colada@>=0.21.2
52 silly packumentCache full:https://registry.npmjs.org/@pinia%2fcolada cache-miss
53 http fetch GET 200 https://registry.npmjs.org/@pinia%2fcolada 374ms (cache miss)
54 silly packumentCache full:https://registry.npmjs.org/@pinia%2fcolada set size:undefined disposed:false
55 silly fetch manifest @vue/compiler-sfc@^3.5.34 || ^4.0.0
56 silly packumentCache full:https://registry.npmjs.org/@vue%2fcompiler-sfc cache-miss
57 http fetch GET 200 https://registry.npmjs.org/@vue%2fcompiler-sfc 1142ms (cache miss)
58 silly packumentCache full:https://registry.npmjs.org/@vue%2fcompiler-sfc set size:undefined disposed:false
59 silly fetch manifest vite@latest
60 silly packumentCache full:https://registry.npmjs.org/vite cache-miss
61 http fetch GET 200 https://registry.npmjs.org/vite 6447ms (cache miss)
62 silly packumentCache full:https://registry.npmjs.org/vite set size:undefined disposed:false
63 silly fetch manifest @types/node@^20.19.0 || >=22.12.0
64 silly packumentCache full:https://registry.npmjs.org/@types%2fnode cache-miss
65 http fetch GET 200 https://registry.npmjs.org/@types%2fnode 8310ms (cache miss)
66 silly packumentCache full:https://registry.npmjs.org/@types%2fnode set size:undefined disposed:false
67 silly fetch manifest @vitejs/devtools@^0.7.1
68 silly packumentCache full:https://registry.npmjs.org/@vitejs%2fdevtools cache-miss
69 http fetch GET 200 https://registry.npmjs.org/@vitejs%2fdevtools 816ms (cache miss)
70 silly packumentCache full:https://registry.npmjs.org/@vitejs%2fdevtools set size:undefined disposed:false
71 silly fetch manifest @vitejs/devtools-oxc@^0.7.5
72 silly packumentCache full:https://registry.npmjs.org/@vitejs%2fdevtools-oxc cache-miss
73 http fetch GET 200 https://registry.npmjs.org/@vitejs%2fdevtools-oxc 489ms (cache miss)
74 silly packumentCache full:https://registry.npmjs.org/@vitejs%2fdevtools-oxc set size:undefined disposed:false
75 silly fetch manifest @vitejs/devtools-rolldown@^0.7.5
76 silly packumentCache full:https://registry.npmjs.org/@vitejs%2fdevtools-rolldown cache-miss
77 http fetch GET 200 https://registry.npmjs.org/@vitejs%2fdevtools-rolldown 296ms (cache miss)
78 silly packumentCache full:https://registry.npmjs.org/@vitejs%2fdevtools-rolldown set size:undefined disposed:false
79 silly fetch manifest @vitejs/devtools-vite@^0.7.5
80 silly packumentCache full:https://registry.npmjs.org/@vitejs%2fdevtools-vite cache-miss
81 http fetch GET 200 https://registry.npmjs.org/@vitejs%2fdevtools-vite 303ms (cache miss)
82 silly packumentCache full:https://registry.npmjs.org/@vitejs%2fdevtools-vite set size:undefined disposed:false
83 silly fetch manifest @vitejs/devtools-vitest@^0.7.5
84 silly packumentCache full:https://registry.npmjs.org/@vitejs%2fdevtools-vitest cache-miss
85 http fetch GET 200 https://registry.npmjs.org/@vitejs%2fdevtools-vitest 263ms (cache miss)
86 silly packumentCache full:https://registry.npmjs.org/@vitejs%2fdevtools-vitest set size:undefined disposed:false
87 silly fetch manifest vitest@*
88 silly packumentCache full:https://registry.npmjs.org/vitest cache-miss
89 http fetch GET 200 https://registry.npmjs.org/vitest 2196ms (cache miss)
90 silly packumentCache full:https://registry.npmjs.org/vitest set size:undefined disposed:false
91 silly fetch manifest @edge-runtime/vm@*
92 silly packumentCache full:https://registry.npmjs.org/@edge-runtime%2fvm cache-miss
93 http fetch GET 200 https://registry.npmjs.org/@edge-runtime%2fvm 630ms (cache miss)
94 silly packumentCache full:https://registry.npmjs.org/@edge-runtime%2fvm set size:undefined disposed:false
95 silly fetch manifest @opentelemetry/api@^1.9.0
96 silly packumentCache full:https://registry.npmjs.org/@opentelemetry%2fapi cache-miss
97 http fetch GET 200 https://registry.npmjs.org/@opentelemetry%2fapi 1643ms (cache miss)
98 silly packumentCache full:https://registry.npmjs.org/@opentelemetry%2fapi set size:undefined disposed:false
99 silly fetch manifest @vitest/browser-playwright@5.0.1
100 silly packumentCache full:https://registry.npmjs.org/@vitest%2fbrowser-playwright cache-miss
101 http fetch GET 200 https://registry.npmjs.org/@vitest%2fbrowser-playwright 512ms (cache miss)
102 silly packumentCache full:https://registry.npmjs.org/@vitest%2fbrowser-playwright set size:undefined disposed:false
103 silly fetch manifest playwright@*
104 silly packumentCache full:https://registry.npmjs.org/playwright cache-miss
105 http fetch GET 200 https://registry.npmjs.org/playwright 13720ms (cache miss)
106 silly packumentCache full:https://registry.npmjs.org/playwright set size:undefined disposed:false
107 silly fetch manifest @vitest/browser-preview@5.0.1
108 silly packumentCache full:https://registry.npmjs.org/@vitest%2fbrowser-preview cache-miss
109 http fetch GET 200 https://registry.npmjs.org/@vitest%2fbrowser-preview 304ms (cache miss)
110 silly packumentCache full:https://registry.npmjs.org/@vitest%2fbrowser-preview set size:undefined disposed:false
111 silly fetch manifest @vitest/browser-webdriverio@^5.0.0-beta.5 || >=5.0.0
112 silly packumentCache full:https://registry.npmjs.org/@vitest%2fbrowser-webdriverio cache-miss
113 http fetch GET 200 https://registry.npmjs.org/@vitest%2fbrowser-webdriverio 411ms (cache miss)
114 silly packumentCache full:https://registry.npmjs.org/@vitest%2fbrowser-webdriverio set size:undefined disposed:false
115 silly fetch manifest webdriverio@*
116 silly packumentCache full:https://registry.npmjs.org/webdriverio cache-miss
117 http fetch GET 200 https://registry.npmjs.org/webdriverio 1949ms (cache miss)
118 silly packumentCache full:https://registry.npmjs.org/webdriverio set size:undefined disposed:false
119 silly fetch manifest puppeteer-core@>=22.x <=24.x
120 silly packumentCache full:https://registry.npmjs.org/puppeteer-core cache-miss
121 http fetch GET 200 https://registry.npmjs.org/puppeteer-core 1019ms (cache miss)
122 silly packumentCache full:https://registry.npmjs.org/puppeteer-core set size:undefined disposed:false
123 silly fetch manifest @vitest/coverage-istanbul@5.0.1
124 silly packumentCache full:https://registry.npmjs.org/@vitest%2fcoverage-istanbul cache-miss
125 http fetch GET 200 https://registry.npmjs.org/@vitest%2fcoverage-istanbul 648ms (cache miss)
126 silly packumentCache full:https://registry.npmjs.org/@vitest%2fcoverage-istanbul set size:undefined disposed:false
127 silly fetch manifest @vitest/coverage-v8@5.0.1
128 silly packumentCache full:https://registry.npmjs.org/@vitest%2fcoverage-v8 cache-miss
129 http fetch GET 200 https://registry.npmjs.org/@vitest%2fcoverage-v8 404ms (cache miss)
130 silly packumentCache full:https://registry.npmjs.org/@vitest%2fcoverage-v8 set size:undefined disposed:false
131 silly fetch manifest @vitest/browser@5.0.1
132 silly packumentCache full:https://registry.npmjs.org/@vitest%2fbrowser cache-miss
133 http fetch GET 200 https://registry.npmjs.org/@vitest%2fbrowser 703ms (cache miss)
134 silly packumentCache full:https://registry.npmjs.org/@vitest%2fbrowser set size:undefined disposed:false
135 silly fetch manifest @vitest/ui@5.0.1
136 silly packumentCache full:https://registry.npmjs.org/@vitest%2fui cache-miss
137 http fetch GET 200 https://registry.npmjs.org/@vitest%2fui 1154ms (cache miss)
138 silly packumentCache full:https://registry.npmjs.org/@vitest%2fui set size:undefined disposed:false
139 silly fetch manifest happy-dom@*
140 silly packumentCache full:https://registry.npmjs.org/happy-dom cache-miss
141 http fetch GET 200 https://registry.npmjs.org/happy-dom 1511ms (cache miss)
142 silly packumentCache full:https://registry.npmjs.org/happy-dom set size:undefined disposed:false
143 silly fetch manifest jsdom@*
144 silly packumentCache full:https://registry.npmjs.org/jsdom cache-miss
145 http fetch GET 200 https://registry.npmjs.org/jsdom 790ms (cache miss)
146 silly packumentCache full:https://registry.npmjs.org/jsdom set size:undefined disposed:false
147 silly fetch manifest canvas@^3.2.3
148 silly packumentCache full:https://registry.npmjs.org/canvas cache-miss
149 http fetch GET 200 https://registry.npmjs.org/canvas 586ms (cache miss)
150 silly packumentCache full:https://registry.npmjs.org/canvas set size:undefined disposed:false
151 silly fetch manifest esbuild@^0.27.0 || ^0.28.0
152 silly packumentCache full:https://registry.npmjs.org/esbuild cache-miss
153 http fetch GET 200 https://registry.npmjs.org/esbuild 1645ms (cache miss)
154 silly packumentCache full:https://registry.npmjs.org/esbuild set size:undefined disposed:false
155 silly fetch manifest jiti@>=1.21.0
156 silly packumentCache full:https://registry.npmjs.org/jiti cache-miss
157 http fetch GET 200 https://registry.npmjs.org/jiti 806ms (cache miss)
158 silly packumentCache full:https://registry.npmjs.org/jiti set size:undefined disposed:false
159 silly fetch manifest less@^4.0.0
160 silly packumentCache full:https://registry.npmjs.org/less cache-miss
161 http fetch GET 200 https://registry.npmjs.org/less 826ms (cache miss)
162 silly packumentCache full:https://registry.npmjs.org/less set size:undefined disposed:false
163 silly fetch manifest sass@^1.70.0
164 silly packumentCache full:https://registry.npmjs.org/sass cache-miss
165 http fetch GET 200 https://registry.npmjs.org/sass 790ms (cache miss)
166 silly packumentCache full:https://registry.npmjs.org/sass set size:undefined disposed:false
167 silly fetch manifest sass-embedded@^1.70.0
168 silly packumentCache full:https://registry.npmjs.org/sass-embedded cache-miss
169 http fetch GET 200 https://registry.npmjs.org/sass-embedded 885ms (cache miss)
170 silly packumentCache full:https://registry.npmjs.org/sass-embedded set size:undefined disposed:false
171 silly fetch manifest stylus@>=0.54.8
172 silly packumentCache full:https://registry.npmjs.org/stylus cache-miss
173 http fetch GET 200 https://registry.npmjs.org/stylus 720ms (cache miss)
174 silly packumentCache full:https://registry.npmjs.org/stylus set size:undefined disposed:false
175 silly fetch manifest sugarss@^5.0.0
176 silly packumentCache full:https://registry.npmjs.org/sugarss cache-miss
177 http fetch GET 200 https://registry.npmjs.org/sugarss 707ms (cache miss)
178 silly packumentCache full:https://registry.npmjs.org/sugarss set size:undefined disposed:false
179 silly fetch manifest postcss@^8.3.3
180 silly packumentCache full:https://registry.npmjs.org/postcss cache-miss
181 http fetch GET 200 https://registry.npmjs.org/postcss 715ms (cache miss)
182 silly packumentCache full:https://registry.npmjs.org/postcss set size:undefined disposed:false
183 silly fetch manifest terser@^5.16.0
184 silly packumentCache full:https://registry.npmjs.org/terser cache-miss
185 http fetch GET 200 https://registry.npmjs.org/terser 1299ms (cache miss)
186 silly packumentCache full:https://registry.npmjs.org/terser set size:undefined disposed:false
187 silly fetch manifest tsx@^4.8.1
188 silly packumentCache full:https://registry.npmjs.org/tsx cache-miss
189 http fetch GET 200 https://registry.npmjs.org/tsx 427ms (cache miss)
190 silly packumentCache full:https://registry.npmjs.org/tsx set size:undefined disposed:false
191 silly fetch manifest yaml@^2.4.2
192 silly packumentCache full:https://registry.npmjs.org/yaml cache-miss
193 http fetch GET 200 https://registry.npmjs.org/yaml 998ms (cache miss)
194 silly packumentCache full:https://registry.npmjs.org/yaml set size:undefined disposed:false
195 silly fetch manifest @vitejs/plugin-vue@latest
196 silly packumentCache full:https://registry.npmjs.org/@vitejs%2fplugin-vue cache-miss
197 http fetch GET 200 https://registry.npmjs.org/@vitejs%2fplugin-vue 1323ms (cache miss)
198 silly packumentCache full:https://registry.npmjs.org/@vitejs%2fplugin-vue set size:undefined disposed:false
199 silly placeDep ROOT @phosphor-icons/vue@2.2.1 OK for: memophotos@0.1.0 want: latest
200 silly placeDep ROOT vue@3.5.43 OK for: @phosphor-icons/vue@2.2.1 want: >=3.2.39
201 silly placeDep ROOT @vitejs/plugin-vue@6.0.9 OK for: memophotos@0.1.0 want: latest
202 silly placeDep ROOT vite@8.3.0 OK for: @vitejs/plugin-vue@6.0.9 want: ^5.0.0 || ^6.0.0 || ^7.0.0 || ^8.0.0
203 silly placeDep ROOT dexie@4.4.6 OK for: memophotos@0.1.0 want: latest
204 silly placeDep ROOT dexie-export-import@4.4.1 OK for: memophotos@0.1.0 want: latest
205 silly placeDep ROOT pinia@4.0.3 OK for: memophotos@0.1.0 want: latest
206 silly placeDep ROOT @vue/devtools-api@8.2.1 OK for: pinia@4.0.3 want: ^8.1.5
207 silly placeDep ROOT vue-router@5.3.1 OK for: memophotos@0.1.0 want: latest
208 silly fetch manifest @vue/shared@3.5.43
209 silly packumentCache full:https://registry.npmjs.org/@vue%2fshared cache-miss
210 silly fetch manifest @vue/runtime-dom@3.5.43
211 silly packumentCache full:https://registry.npmjs.org/@vue%2fruntime-dom cache-miss
212 silly fetch manifest @vue/compiler-dom@3.5.43
213 silly packumentCache full:https://registry.npmjs.org/@vue%2fcompiler-dom cache-miss
214 silly fetch manifest @vue/compiler-sfc@3.5.43
215 silly packumentCache full:https://registry.npmjs.org/@vue%2fcompiler-sfc cache-miss
216 silly fetch manifest @vue/server-renderer@3.5.43
217 silly packumentCache full:https://registry.npmjs.org/@vue%2fserver-renderer cache-miss
218 silly fetch manifest @rolldown/pluginutils@^1.0.1
219 silly packumentCache full:https://registry.npmjs.org/@rolldown%2fpluginutils cache-miss
220 silly fetch manifest postcss@^8.5.28
221 silly packumentCache full:https://registry.npmjs.org/postcss cache-miss
222 silly fetch manifest rolldown@~1.2.6
223 silly packumentCache full:https://registry.npmjs.org/rolldown cache-miss
224 silly fetch manifest picomatch@^4.0.7
225 silly packumentCache full:https://registry.npmjs.org/picomatch cache-miss
226 silly fetch manifest tinyglobby@^0.2.17
227 silly packumentCache full:https://registry.npmjs.org/tinyglobby cache-miss
228 silly fetch manifest lightningcss@^1.33.0
229 silly packumentCache full:https://registry.npmjs.org/lightningcss cache-miss
230 silly fetch manifest fsevents@~2.3.3
231 silly packumentCache full:https://registry.npmjs.org/fsevents cache-miss
232 silly fetch manifest nostics@^1.1.4
233 silly packumentCache full:https://registry.npmjs.org/nostics cache-miss
234 silly fetch manifest @vue/devtools-kit@^8.2.1
235 silly packumentCache full:https://registry.npmjs.org/@vue%2fdevtools-kit cache-miss
236 silly fetch manifest mlly@^1.8.2
237 silly packumentCache full:https://registry.npmjs.org/mlly cache-miss
238 http cache https://registry.npmjs.org/postcss 62ms (cache hit)
239 silly packumentCache full:https://registry.npmjs.org/postcss set size:766699 disposed:false
240 silly fetch manifest pathe@^2.0.3
241 silly packumentCache full:https://registry.npmjs.org/pathe cache-miss
242 http cache https://registry.npmjs.org/@vue%2fcompiler-sfc 79ms (cache hit)
243 silly packumentCache full:https://registry.npmjs.org/@vue%2fcompiler-sfc set size:1033871 disposed:false
244 silly fetch manifest scule@^1.3.0
245 silly packumentCache full:https://registry.npmjs.org/scule cache-miss
246 http fetch GET 200 https://registry.npmjs.org/@vue%2fshared 871ms (cache miss)
247 silly packumentCache full:https://registry.npmjs.org/@vue%2fshared set size:undefined disposed:false
248 silly fetch manifest confbox@^0.2.4
249 silly packumentCache full:https://registry.npmjs.org/confbox cache-miss
250 http fetch GET 200 https://registry.npmjs.org/lightningcss 1082ms (cache miss)
251 silly packumentCache full:https://registry.npmjs.org/lightningcss set size:undefined disposed:false
252 silly fetch manifest nostics@^1.1.4
253 silly packumentCache full:https://registry.npmjs.org/nostics cache-miss
254 http fetch GET 200 https://registry.npmjs.org/tinyglobby 1091ms (cache miss)
255 silly packumentCache full:https://registry.npmjs.org/tinyglobby set size:undefined disposed:false
256 silly fetch manifest chokidar@^5.0.0
257 silly packumentCache full:https://registry.npmjs.org/chokidar cache-miss
258 http fetch GET 200 https://registry.npmjs.org/nostics 1094ms (cache miss)
259 silly packumentCache full:https://registry.npmjs.org/nostics set size:undefined disposed:false
260 silly fetch manifest unplugin@^3.3.0
261 silly packumentCache full:https://registry.npmjs.org/unplugin cache-miss
262 http fetch GET 200 https://registry.npmjs.org/mlly 1099ms (cache miss)
263 silly packumentCache full:https://registry.npmjs.org/mlly set size:undefined disposed:false
264 silly fetch manifest local-pkg@^1.2.1
265 silly packumentCache full:https://registry.npmjs.org/local-pkg cache-miss
266 http cache https://registry.npmjs.org/nostics 28ms (cache hit)
267 silly packumentCache full:https://registry.npmjs.org/nostics set size:43063 disposed:false
268 silly fetch manifest picomatch@^4.0.5
269 silly packumentCache full:https://registry.npmjs.org/picomatch cache-miss
270 http fetch GET 200 https://registry.npmjs.org/fsevents 1299ms (cache miss)
271 silly packumentCache full:https://registry.npmjs.org/fsevents set size:undefined disposed:false
272 silly fetch manifest magic-string@^0.30.21
273 silly packumentCache full:https://registry.npmjs.org/magic-string cache-miss
274 http fetch GET 200 https://registry.npmjs.org/pathe 1260ms (cache miss)
275 silly packumentCache full:https://registry.npmjs.org/pathe set size:undefined disposed:false
276 silly fetch manifest muggle-string@^0.4.1
277 silly packumentCache full:https://registry.npmjs.org/muggle-string cache-miss
278 http fetch GET 200 https://registry.npmjs.org/@vue%2fdevtools-kit 1374ms (cache miss)
279 silly packumentCache full:https://registry.npmjs.org/@vue%2fdevtools-kit set size:undefined disposed:false
280 silly fetch manifest unplugin-utils@^0.3.2
281 silly packumentCache full:https://registry.npmjs.org/unplugin-utils cache-miss
282 http fetch GET 200 https://registry.npmjs.org/@rolldown%2fpluginutils 1384ms (cache miss)
283 silly packumentCache full:https://registry.npmjs.org/@rolldown%2fpluginutils set size:undefined disposed:false
284 silly fetch manifest ast-walker-scope@^0.9.0
285 silly packumentCache full:https://registry.npmjs.org/ast-walker-scope cache-miss
286 http fetch GET 200 https://registry.npmjs.org/picomatch 295ms (cache miss)
287 silly packumentCache full:https://registry.npmjs.org/picomatch set size:undefined disposed:false
288 silly fetch manifest @vue-macros/common@^3.1.3
289 silly packumentCache full:https://registry.npmjs.org/@vue-macros%2fcommon cache-miss
290 http fetch GET 200 https://registry.npmjs.org/local-pkg 310ms (cache miss)
291 silly packumentCache full:https://registry.npmjs.org/local-pkg set size:undefined disposed:false
292 http fetch GET 200 https://registry.npmjs.org/chokidar 417ms (cache miss)
293 silly packumentCache full:https://registry.npmjs.org/chokidar set size:undefined disposed:false
294 http fetch GET 200 https://registry.npmjs.org/@vue%2fruntime-dom 1524ms (cache miss)
295 silly packumentCache full:https://registry.npmjs.org/@vue%2fruntime-dom set size:undefined disposed:false
296 http fetch GET 200 https://registry.npmjs.org/picomatch 1576ms (cache miss)
297 silly packumentCache full:https://registry.npmjs.org/picomatch set size:undefined disposed:false
298 http fetch GET 200 https://registry.npmjs.org/scule 1526ms (cache miss)
299 silly packumentCache full:https://registry.npmjs.org/scule set size:undefined disposed:false
300 http fetch GET 200 https://registry.npmjs.org/unplugin-utils 340ms (cache miss)
301 silly packumentCache full:https://registry.npmjs.org/unplugin-utils set size:undefined disposed:false
302 http fetch GET 200 https://registry.npmjs.org/@vue%2fserver-renderer 1738ms (cache miss)
303 silly packumentCache full:https://registry.npmjs.org/@vue%2fserver-renderer set size:undefined disposed:false
304 http fetch GET 200 https://registry.npmjs.org/@vue-macros%2fcommon 387ms (cache miss)
305 silly packumentCache full:https://registry.npmjs.org/@vue-macros%2fcommon set size:undefined disposed:false
306 http fetch GET 200 https://registry.npmjs.org/muggle-string 574ms (cache miss)
307 silly packumentCache full:https://registry.npmjs.org/muggle-string set size:undefined disposed:false
308 http fetch GET 200 https://registry.npmjs.org/unplugin 822ms (cache miss)
309 silly packumentCache full:https://registry.npmjs.org/unplugin set size:undefined disposed:false
310 http fetch GET 200 https://registry.npmjs.org/ast-walker-scope 548ms (cache miss)
311 silly packumentCache full:https://registry.npmjs.org/ast-walker-scope set size:undefined disposed:false
312 http fetch GET 200 https://registry.npmjs.org/confbox 1101ms (cache miss)
313 silly packumentCache full:https://registry.npmjs.org/confbox set size:undefined disposed:false
314 http fetch GET 200 https://registry.npmjs.org/magic-string 880ms (cache miss)
315 silly packumentCache full:https://registry.npmjs.org/magic-string set size:undefined disposed:false
316 http fetch GET 200 https://registry.npmjs.org/@vue%2fcompiler-dom 2296ms (cache miss)
317 silly packumentCache full:https://registry.npmjs.org/@vue%2fcompiler-dom set size:undefined disposed:false
318 http fetch GET 200 https://registry.npmjs.org/rolldown 2396ms (cache miss)
319 silly packumentCache full:https://registry.npmjs.org/rolldown set size:undefined disposed:false
320 silly placeDep ROOT @rolldown/pluginutils@1.0.1 OK for: @vitejs/plugin-vue@6.0.9 want: ^1.0.1
321 silly placeDep ROOT @vue/devtools-kit@8.2.1 OK for: @vue/devtools-api@8.2.1 want: ^8.2.1
322 silly fetch manifest birpc@^2.6.1
323 silly packumentCache full:https://registry.npmjs.org/birpc cache-miss
324 silly fetch manifest hookable@^5.5.3
325 silly packumentCache full:https://registry.npmjs.org/hookable cache-miss
326 silly fetch manifest perfect-debounce@^2.0.0
327 silly packumentCache full:https://registry.npmjs.org/perfect-debounce cache-miss
328 silly fetch manifest @vue/devtools-shared@^8.2.1
329 silly packumentCache full:https://registry.npmjs.org/@vue%2fdevtools-shared cache-miss
330 http fetch GET 200 https://registry.npmjs.org/hookable 400ms (cache miss)
331 silly packumentCache full:https://registry.npmjs.org/hookable set size:undefined disposed:false
332 http fetch GET 200 https://registry.npmjs.org/perfect-debounce 405ms (cache miss)
333 silly packumentCache full:https://registry.npmjs.org/perfect-debounce set size:undefined disposed:false
334 http fetch GET 200 https://registry.npmjs.org/@vue%2fdevtools-shared 575ms (cache miss)
335 silly packumentCache full:https://registry.npmjs.org/@vue%2fdevtools-shared set size:undefined disposed:false
336 http fetch GET 200 https://registry.npmjs.org/birpc 678ms (cache miss)
337 silly packumentCache full:https://registry.npmjs.org/birpc set size:undefined disposed:false
338 silly placeDep ROOT @vue/devtools-shared@8.2.1 OK for: @vue/devtools-kit@8.2.1 want: ^8.2.1
339 silly placeDep ROOT birpc@2.9.0 OK for: @vue/devtools-kit@8.2.1 want: ^2.6.1
340 silly placeDep ROOT hookable@5.5.3 OK for: @vue/devtools-kit@8.2.1 want: ^5.5.3
341 silly placeDep ROOT perfect-debounce@2.1.0 OK for: @vue/devtools-kit@8.2.1 want: ^2.0.0
342 silly placeDep ROOT nostics@1.2.0 OK for: pinia@4.0.3 want: ^1.1.4
343 silly placeDep ROOT fsevents@2.3.3 OK for: vite@8.3.0 want: ~2.3.3
344 silly placeDep ROOT lightningcss@1.33.0 OK for: vite@8.3.0 want: ^1.33.0
345 silly placeDep ROOT picomatch@4.0.7 OK for: vite@8.3.0 want: ^4.0.7
346 silly placeDep ROOT postcss@8.5.28 OK for: vite@8.3.0 want: ^8.5.28
347 silly placeDep ROOT rolldown@1.2.9 OK for: vite@8.3.0 want: ~1.2.6
348 silly placeDep ROOT tinyglobby@0.2.17 OK for: vite@8.3.0 want: ^0.2.17
349 silly fetch manifest detect-libc@^2.0.3
350 silly packumentCache full:https://registry.npmjs.org/detect-libc cache-miss
351 silly fetch manifest lightningcss-darwin-x64@1.33.0
352 silly packumentCache full:https://registry.npmjs.org/lightningcss-darwin-x64 cache-miss
353 silly fetch manifest lightningcss-linux-x64-gnu@1.33.0
354 silly packumentCache full:https://registry.npmjs.org/lightningcss-linux-x64-gnu cache-miss
355 silly fetch manifest lightningcss-win32-x64-msvc@1.33.0
356 silly packumentCache full:https://registry.npmjs.org/lightningcss-win32-x64-msvc cache-miss
357 silly fetch manifest lightningcss-win32-arm64-msvc@1.33.0
358 silly packumentCache full:https://registry.npmjs.org/lightningcss-win32-arm64-msvc cache-miss
359 silly fetch manifest lightningcss-darwin-arm64@1.33.0
360 silly packumentCache full:https://registry.npmjs.org/lightningcss-darwin-arm64 cache-miss
361 silly fetch manifest lightningcss-linux-arm64-gnu@1.33.0
362 silly packumentCache full:https://registry.npmjs.org/lightningcss-linux-arm64-gnu cache-miss
363 silly fetch manifest lightningcss-linux-arm-gnueabihf@1.33.0
364 silly packumentCache full:https://registry.npmjs.org/lightningcss-linux-arm-gnueabihf cache-miss
365 silly fetch manifest lightningcss-linux-arm64-musl@1.33.0
366 silly packumentCache full:https://registry.npmjs.org/lightningcss-linux-arm64-musl cache-miss
367 silly fetch manifest lightningcss-linux-x64-musl@1.33.0
368 silly packumentCache full:https://registry.npmjs.org/lightningcss-linux-x64-musl cache-miss
369 silly fetch manifest lightningcss-freebsd-x64@1.33.0
370 silly packumentCache full:https://registry.npmjs.org/lightningcss-freebsd-x64 cache-miss
371 silly fetch manifest lightningcss-android-arm64@1.33.0
372 silly packumentCache full:https://registry.npmjs.org/lightningcss-android-arm64 cache-miss
373 silly fetch manifest nanoid@^3.3.18
374 silly packumentCache full:https://registry.npmjs.org/nanoid cache-miss
375 silly fetch manifest picocolors@^1.1.1
376 silly packumentCache full:https://registry.npmjs.org/picocolors cache-miss
377 silly fetch manifest source-map-js@^1.2.1
378 silly packumentCache full:https://registry.npmjs.org/source-map-js cache-miss
379 http fetch GET 200 https://registry.npmjs.org/lightningcss-android-arm64 410ms (cache miss)
380 silly packumentCache full:https://registry.npmjs.org/lightningcss-android-arm64 set size:undefined disposed:false
381 silly fetch manifest @oxc-project/types@=0.150.0
382 silly packumentCache full:https://registry.npmjs.org/@oxc-project%2ftypes cache-miss
383 http fetch GET 200 https://registry.npmjs.org/lightningcss-linux-arm64-gnu 418ms (cache miss)
384 silly packumentCache full:https://registry.npmjs.org/lightningcss-linux-arm64-gnu set size:undefined disposed:false
385 silly fetch manifest @rolldown/binding-darwin-x64@1.2.9
386 silly packumentCache full:https://registry.npmjs.org/@rolldown%2fbinding-darwin-x64 cache-miss
387 http fetch GET 200 https://registry.npmjs.org/lightningcss-linux-x64-gnu 424ms (cache miss)
388 silly packumentCache full:https://registry.npmjs.org/lightningcss-linux-x64-gnu set size:undefined disposed:false
389 silly fetch manifest @rolldown/binding-freebsd-x64@1.2.9
390 silly packumentCache full:https://registry.npmjs.org/@rolldown%2fbinding-freebsd-x64 cache-miss
391 http fetch GET 200 https://registry.npmjs.org/picocolors 422ms (cache miss)
392 silly packumentCache full:https://registry.npmjs.org/picocolors set size:undefined disposed:false
393 silly fetch manifest @rolldown/binding-darwin-arm64@1.2.9
394 silly packumentCache full:https://registry.npmjs.org/@rolldown%2fbinding-darwin-arm64 cache-miss
395 http fetch GET 200 https://registry.npmjs.org/lightningcss-win32-arm64-msvc 428ms (cache miss)
396 silly packumentCache full:https://registry.npmjs.org/lightningcss-win32-arm64-msvc set size:undefined disposed:false
397 silly fetch manifest @rolldown/binding-android-arm64@1.2.9
398 silly packumentCache full:https://registry.npmjs.org/@rolldown%2fbinding-android-arm64 cache-miss
399 http fetch GET 200 https://registry.npmjs.org/lightningcss-linux-arm64-musl 432ms (cache miss)
400 silly packumentCache full:https://registry.npmjs.org/lightningcss-linux-arm64-musl set size:undefined disposed:false
401 silly fetch manifest @rolldown/binding-linux-x64-gnu@1.2.9
402 silly packumentCache full:https://registry.npmjs.org/@rolldown%2fbinding-linux-x64-gnu cache-miss
403 http fetch GET 200 https://registry.npmjs.org/lightningcss-linux-x64-musl 441ms (cache miss)
404 silly packumentCache full:https://registry.npmjs.org/lightningcss-linux-x64-musl set size:undefined disposed:false
405 silly fetch manifest @rolldown/binding-linux-x64-musl@1.2.9
406 silly packumentCache full:https://registry.npmjs.org/@rolldown%2fbinding-linux-x64-musl cache-miss
407 http fetch GET 200 https://registry.npmjs.org/lightningcss-darwin-x64 449ms (cache miss)
408 silly packumentCache full:https://registry.npmjs.org/lightningcss-darwin-x64 set size:undefined disposed:false
409 silly fetch manifest @rolldown/binding-win32-x64-msvc@1.2.9
410 silly packumentCache full:https://registry.npmjs.org/@rolldown%2fbinding-win32-x64-msvc cache-miss
411 http fetch GET 200 https://registry.npmjs.org/lightningcss-linux-arm-gnueabihf 488ms (cache miss)
412 silly packumentCache full:https://registry.npmjs.org/lightningcss-linux-arm-gnueabihf set size:undefined disposed:false
413 silly fetch manifest @rolldown/binding-linux-arm64-gnu@1.2.9
414 silly packumentCache full:https://registry.npmjs.org/@rolldown%2fbinding-linux-arm64-gnu cache-miss
415 http fetch GET 200 https://registry.npmjs.org/source-map-js 489ms (cache miss)
416 silly packumentCache full:https://registry.npmjs.org/source-map-js set size:undefined disposed:false
417 silly fetch manifest @rolldown/binding-linux-ppc64-gnu@1.2.9
418 silly packumentCache full:https://registry.npmjs.org/@rolldown%2fbinding-linux-ppc64-gnu cache-miss
419 http fetch GET 200 https://registry.npmjs.org/lightningcss-win32-x64-msvc 498ms (cache miss)
420 silly packumentCache full:https://registry.npmjs.org/lightningcss-win32-x64-msvc set size:undefined disposed:false
421 silly fetch manifest @rolldown/binding-linux-s390x-gnu@1.2.9
422 silly packumentCache full:https://registry.npmjs.org/@rolldown%2fbinding-linux-s390x-gnu cache-miss
423 http fetch GET 200 https://registry.npmjs.org/lightningcss-darwin-arm64 521ms (cache miss)
424 silly packumentCache full:https://registry.npmjs.org/lightningcss-darwin-arm64 set size:undefined disposed:false
425 silly fetch manifest @rolldown/binding-android-arm-eabi@1.2.9
426 silly packumentCache full:https://registry.npmjs.org/@rolldown%2fbinding-android-arm-eabi cache-miss
427 http fetch GET 200 https://registry.npmjs.org/detect-libc 715ms (cache miss)
428 silly packumentCache full:https://registry.npmjs.org/detect-libc set size:undefined disposed:false
429 silly fetch manifest @rolldown/binding-linux-arm64-musl@1.2.9
430 silly packumentCache full:https://registry.npmjs.org/@rolldown%2fbinding-linux-arm64-musl cache-miss
431 http fetch GET 200 https://registry.npmjs.org/lightningcss-freebsd-x64 717ms (cache miss)
432 silly packumentCache full:https://registry.npmjs.org/lightningcss-freebsd-x64 set size:undefined disposed:false
433 silly fetch manifest @rolldown/binding-win32-arm64-msvc@1.2.9
434 silly packumentCache full:https://registry.npmjs.org/@rolldown%2fbinding-win32-arm64-msvc cache-miss
435 http fetch GET 200 https://registry.npmjs.org/@oxc-project%2ftypes 322ms (cache miss)
436 silly packumentCache full:https://registry.npmjs.org/@oxc-project%2ftypes set size:undefined disposed:false
437 silly fetch manifest @rolldown/binding-openharmony-arm64@1.2.9
438 silly packumentCache full:https://registry.npmjs.org/@rolldown%2fbinding-openharmony-arm64 cache-miss
439 http fetch GET 200 https://registry.npmjs.org/nanoid 736ms (cache miss)
440 silly packumentCache full:https://registry.npmjs.org/nanoid set size:undefined disposed:false
441 silly fetch manifest @rolldown/binding-linux-arm-gnueabihf@1.2.9
442 silly packumentCache full:https://registry.npmjs.org/@rolldown%2fbinding-linux-arm-gnueabihf cache-miss
443 http fetch GET 200 https://registry.npmjs.org/@rolldown%2fbinding-android-arm64 497ms (cache miss)
444 silly packumentCache full:https://registry.npmjs.org/@rolldown%2fbinding-android-arm64 set size:undefined disposed:false
445 silly fetch manifest fdir@^6.5.0
446 silly packumentCache full:https://registry.npmjs.org/fdir cache-miss
447 http fetch GET 200 https://registry.npmjs.org/@rolldown%2fbinding-android-arm-eabi 436ms (cache miss)
448 silly packumentCache full:https://registry.npmjs.org/@rolldown%2fbinding-android-arm-eabi set size:undefined disposed:false
449 http fetch GET 200 https://registry.npmjs.org/@rolldown%2fbinding-linux-ppc64-gnu 666ms (cache miss)
450 silly packumentCache full:https://registry.npmjs.org/@rolldown%2fbinding-linux-ppc64-gnu set size:undefined disposed:false
451 http fetch GET 200 https://registry.npmjs.org/@rolldown%2fbinding-openharmony-arm64 507ms (cache miss)
452 silly packumentCache full:https://registry.npmjs.org/@rolldown%2fbinding-openharmony-arm64 set size:undefined disposed:false
453 http fetch GET 200 https://registry.npmjs.org/@rolldown%2fbinding-linux-s390x-gnu 753ms (cache miss)
454 silly packumentCache full:https://registry.npmjs.org/@rolldown%2fbinding-linux-s390x-gnu set size:undefined disposed:false
455 http fetch GET 200 https://registry.npmjs.org/fdir 577ms (cache miss)
456 silly packumentCache full:https://registry.npmjs.org/fdir set size:undefined disposed:false
457 http fetch GET 200 https://registry.npmjs.org/@rolldown%2fbinding-linux-arm64-gnu 1680ms (cache miss)
458 silly packumentCache full:https://registry.npmjs.org/@rolldown%2fbinding-linux-arm64-gnu set size:undefined disposed:false
459 http fetch GET 200 https://registry.npmjs.org/@rolldown%2fbinding-win32-x64-msvc 1800ms (cache miss)
460 silly packumentCache full:https://registry.npmjs.org/@rolldown%2fbinding-win32-x64-msvc set size:undefined disposed:false
461 http fetch GET 200 https://registry.npmjs.org/@rolldown%2fbinding-linux-arm64-musl 1630ms (cache miss)
462 silly packumentCache full:https://registry.npmjs.org/@rolldown%2fbinding-linux-arm64-musl set size:undefined disposed:false
463 http fetch GET 200 https://registry.npmjs.org/@rolldown%2fbinding-darwin-arm64 2016ms (cache miss)
464 silly packumentCache full:https://registry.npmjs.org/@rolldown%2fbinding-darwin-arm64 set size:undefined disposed:false
465 http fetch GET 200 https://registry.npmjs.org/@rolldown%2fbinding-freebsd-x64 2112ms (cache miss)
466 silly packumentCache full:https://registry.npmjs.org/@rolldown%2fbinding-freebsd-x64 set size:undefined disposed:false
467 http fetch GET 200 https://registry.npmjs.org/@rolldown%2fbinding-linux-arm-gnueabihf 1802ms (cache miss)
468 silly packumentCache full:https://registry.npmjs.org/@rolldown%2fbinding-linux-arm-gnueabihf set size:undefined disposed:false
469 http fetch GET 200 https://registry.npmjs.org/@rolldown%2fbinding-linux-x64-musl 2116ms (cache miss)
470 silly packumentCache full:https://registry.npmjs.org/@rolldown%2fbinding-linux-x64-musl set size:undefined disposed:false
471 http fetch GET 200 https://registry.npmjs.org/@rolldown%2fbinding-linux-x64-gnu 2506ms (cache miss)
472 silly packumentCache full:https://registry.npmjs.org/@rolldown%2fbinding-linux-x64-gnu set size:undefined disposed:false
473 http fetch GET 200 https://registry.npmjs.org/@rolldown%2fbinding-win32-arm64-msvc 2419ms (cache miss)
474 silly packumentCache full:https://registry.npmjs.org/@rolldown%2fbinding-win32-arm64-msvc set size:undefined disposed:false
475 http fetch GET 200 https://registry.npmjs.org/@rolldown%2fbinding-darwin-x64 3156ms (cache miss)
476 silly packumentCache full:https://registry.npmjs.org/@rolldown%2fbinding-darwin-x64 set size:undefined disposed:false
477 silly placeDep ROOT detect-libc@2.1.2 OK for: lightningcss@1.33.0 want: ^2.0.3
478 silly placeDep ROOT lightningcss-android-arm64@1.33.0 OK for: lightningcss@1.33.0 want: 1.33.0
479 silly placeDep ROOT lightningcss-darwin-arm64@1.33.0 OK for: lightningcss@1.33.0 want: 1.33.0
480 silly placeDep ROOT lightningcss-darwin-x64@1.33.0 OK for: lightningcss@1.33.0 want: 1.33.0
481 silly placeDep ROOT lightningcss-freebsd-x64@1.33.0 OK for: lightningcss@1.33.0 want: 1.33.0
482 silly placeDep ROOT lightningcss-linux-arm-gnueabihf@1.33.0 OK for: lightningcss@1.33.0 want: 1.33.0
483 silly placeDep ROOT lightningcss-linux-arm64-gnu@1.33.0 OK for: lightningcss@1.33.0 want: 1.33.0
484 silly placeDep ROOT lightningcss-linux-arm64-musl@1.33.0 OK for: lightningcss@1.33.0 want: 1.33.0
485 silly placeDep ROOT lightningcss-linux-x64-gnu@1.33.0 OK for: lightningcss@1.33.0 want: 1.33.0
486 silly placeDep ROOT lightningcss-linux-x64-musl@1.33.0 OK for: lightningcss@1.33.0 want: 1.33.0
487 silly placeDep ROOT lightningcss-win32-arm64-msvc@1.33.0 OK for: lightningcss@1.33.0 want: 1.33.0
488 silly placeDep ROOT lightningcss-win32-x64-msvc@1.33.0 OK for: lightningcss@1.33.0 want: 1.33.0
489 silly placeDep ROOT nanoid@3.3.19 OK for: postcss@8.5.28 want: ^3.3.18
490 silly placeDep ROOT picocolors@1.1.1 OK for: postcss@8.5.28 want: ^1.1.1
491 silly placeDep ROOT source-map-js@1.2.1 OK for: postcss@8.5.28 want: ^1.2.1
492 silly placeDep ROOT @oxc-project/types@0.150.0 OK for: rolldown@1.2.9 want: =0.150.0
493 silly placeDep ROOT @rolldown/binding-android-arm-eabi@1.2.9 OK for: rolldown@1.2.9 want: 1.2.9
494 silly placeDep ROOT @rolldown/binding-android-arm64@1.2.9 OK for: rolldown@1.2.9 want: 1.2.9
495 silly placeDep ROOT @rolldown/binding-darwin-arm64@1.2.9 OK for: rolldown@1.2.9 want: 1.2.9
496 silly placeDep ROOT @rolldown/binding-darwin-x64@1.2.9 OK for: rolldown@1.2.9 want: 1.2.9
497 silly placeDep ROOT @rolldown/binding-freebsd-x64@1.2.9 OK for: rolldown@1.2.9 want: 1.2.9
498 silly placeDep ROOT @rolldown/binding-linux-arm-gnueabihf@1.2.9 OK for: rolldown@1.2.9 want: 1.2.9
499 silly placeDep ROOT @rolldown/binding-linux-arm64-gnu@1.2.9 OK for: rolldown@1.2.9 want: 1.2.9
500 silly placeDep ROOT @rolldown/binding-linux-arm64-musl@1.2.9 OK for: rolldown@1.2.9 want: 1.2.9
501 silly placeDep ROOT @rolldown/binding-linux-ppc64-gnu@1.2.9 OK for: rolldown@1.2.9 want: 1.2.9
502 silly placeDep ROOT @rolldown/binding-linux-s390x-gnu@1.2.9 OK for: rolldown@1.2.9 want: 1.2.9
503 silly placeDep ROOT @rolldown/binding-linux-x64-gnu@1.2.9 OK for: rolldown@1.2.9 want: 1.2.9
504 silly placeDep ROOT @rolldown/binding-linux-x64-musl@1.2.9 OK for: rolldown@1.2.9 want: 1.2.9
505 silly placeDep ROOT @rolldown/binding-openharmony-arm64@1.2.9 OK for: rolldown@1.2.9 want: 1.2.9
506 silly placeDep ROOT @rolldown/binding-win32-arm64-msvc@1.2.9 OK for: rolldown@1.2.9 want: 1.2.9
507 silly placeDep ROOT @rolldown/binding-win32-x64-msvc@1.2.9 OK for: rolldown@1.2.9 want: 1.2.9
508 silly fetch manifest picomatch@^4.0.4
509 silly packumentCache full:https://registry.npmjs.org/picomatch cache-miss
510 http cache https://registry.npmjs.org/picomatch 26ms (cache hit)
511 silly packumentCache full:https://registry.npmjs.org/picomatch set size:134451 disposed:false
512 silly placeDep ROOT fdir@6.5.0 OK for: tinyglobby@0.2.17 want: ^6.5.0
513 silly placeDep ROOT @vue/compiler-dom@3.5.43 OK for: vue@3.5.43 want: 3.5.43
514 silly placeDep ROOT @vue/compiler-sfc@3.5.43 OK for: vue@3.5.43 want: 3.5.43
515 silly placeDep ROOT @vue/runtime-dom@3.5.43 OK for: vue@3.5.43 want: 3.5.43
516 silly placeDep ROOT @vue/server-renderer@3.5.43 OK for: vue@3.5.43 want: 3.5.43
517 silly placeDep ROOT @vue/shared@3.5.43 OK for: vue@3.5.43 want: 3.5.43
518 silly fetch manifest @vue/compiler-core@3.5.43
519 silly packumentCache full:https://registry.npmjs.org/@vue%2fcompiler-core cache-miss
520 silly fetch manifest @babel/parser@^7.29.8
521 silly packumentCache full:https://registry.npmjs.org/@babel%2fparser cache-miss
522 silly fetch manifest estree-walker@^2.0.2
523 silly packumentCache full:https://registry.npmjs.org/estree-walker cache-miss
524 silly fetch manifest @vue/compiler-ssr@3.5.43
525 silly packumentCache full:https://registry.npmjs.org/@vue%2fcompiler-ssr cache-miss
526 silly fetch manifest @vue/compiler-core@3.5.43
527 silly packumentCache full:https://registry.npmjs.org/@vue%2fcompiler-core cache-miss
528 silly fetch manifest csstype@^3.2.3
529 silly packumentCache full:https://registry.npmjs.org/csstype cache-miss
530 silly fetch manifest @vue/reactivity@3.5.43
531 silly packumentCache full:https://registry.npmjs.org/@vue%2freactivity cache-miss
532 silly fetch manifest @vue/runtime-core@3.5.43
533 silly packumentCache full:https://registry.npmjs.org/@vue%2fruntime-core cache-miss
534 silly fetch manifest @vue/compiler-ssr@3.5.43
535 silly packumentCache full:https://registry.npmjs.org/@vue%2fcompiler-ssr cache-miss
536 http fetch GET 200 https://registry.npmjs.org/estree-walker 385ms (cache miss)
537 silly packumentCache full:https://registry.npmjs.org/estree-walker set size:undefined disposed:false
538 http fetch GET 200 https://registry.npmjs.org/csstype 1444ms (cache miss)
539 silly packumentCache full:https://registry.npmjs.org/csstype set size:undefined disposed:false
540 http fetch GET 200 https://registry.npmjs.org/@vue%2fruntime-core 1618ms (cache miss)
541 silly packumentCache full:https://registry.npmjs.org/@vue%2fruntime-core set size:undefined disposed:false
542 http fetch GET 200 https://registry.npmjs.org/@vue%2fcompiler-ssr 1653ms (cache miss)
543 silly packumentCache full:https://registry.npmjs.org/@vue%2fcompiler-ssr set size:undefined disposed:false
544 http fetch GET 200 https://registry.npmjs.org/@vue%2fcompiler-ssr 1728ms (cache miss)
545 silly packumentCache full:https://registry.npmjs.org/@vue%2fcompiler-ssr set size:undefined disposed:false
546 http fetch GET 200 https://registry.npmjs.org/@vue%2fcompiler-core 2035ms (cache miss)
547 silly packumentCache full:https://registry.npmjs.org/@vue%2fcompiler-core set size:undefined disposed:false
548 http fetch GET 200 https://registry.npmjs.org/@vue%2fcompiler-core 2246ms (cache miss)
549 silly packumentCache full:https://registry.npmjs.org/@vue%2fcompiler-core set size:undefined disposed:false
550 http fetch GET 200 https://registry.npmjs.org/@vue%2freactivity 2246ms (cache miss)
551 silly packumentCache full:https://registry.npmjs.org/@vue%2freactivity set size:undefined disposed:false
552 http fetch GET 200 https://registry.npmjs.org/@babel%2fparser 2558ms (cache miss)
553 silly packumentCache full:https://registry.npmjs.org/@babel%2fparser set size:undefined disposed:false
554 silly placeDep ROOT @vue/compiler-core@3.5.43 OK for: @vue/compiler-dom@3.5.43 want: 3.5.43
555 silly fetch manifest entities@^7.0.1
556 silly packumentCache full:https://registry.npmjs.org/entities cache-miss
557 http fetch GET 200 https://registry.npmjs.org/entities 1131ms (cache miss)
558 silly packumentCache full:https://registry.npmjs.org/entities set size:undefined disposed:false
559 silly placeDep ROOT @babel/parser@7.29.9 OK for: @vue/compiler-core@3.5.43 want: ^7.29.8
560 silly placeDep ROOT entities@7.0.1 OK for: @vue/compiler-core@3.5.43 want: ^7.0.1
561 silly placeDep ROOT estree-walker@2.0.2 OK for: @vue/compiler-core@3.5.43 want: ^2.0.2
562 silly fetch manifest @babel/types@^7.29.8
563 silly packumentCache full:https://registry.npmjs.org/@babel%2ftypes cache-miss
564 http fetch GET 200 https://registry.npmjs.org/@babel%2ftypes 1092ms (cache miss)
565 silly packumentCache full:https://registry.npmjs.org/@babel%2ftypes set size:undefined disposed:false
566 silly placeDep ROOT @babel/types@7.29.8 OK for: @babel/parser@7.29.9 want: ^7.29.8
567 silly fetch manifest @babel/helper-string-parser@^7.29.7
568 silly packumentCache full:https://registry.npmjs.org/@babel%2fhelper-string-parser cache-miss
569 silly fetch manifest @babel/helper-validator-identifier@^7.29.7
570 silly packumentCache full:https://registry.npmjs.org/@babel%2fhelper-validator-identifier cache-miss
571 http fetch GET 200 https://registry.npmjs.org/@babel%2fhelper-string-parser 308ms (cache miss)
572 silly packumentCache full:https://registry.npmjs.org/@babel%2fhelper-string-parser set size:undefined disposed:false
573 http fetch GET 200 https://registry.npmjs.org/@babel%2fhelper-validator-identifier 688ms (cache miss)
574 silly packumentCache full:https://registry.npmjs.org/@babel%2fhelper-validator-identifier set size:undefined disposed:false
575 silly placeDep ROOT @babel/helper-string-parser@7.29.7 OK for: @babel/types@7.29.8 want: ^7.29.7
576 silly placeDep ROOT @babel/helper-validator-identifier@7.29.7 OK for: @babel/types@7.29.8 want: ^7.29.7
577 silly placeDep ROOT @vue/compiler-ssr@3.5.43 OK for: @vue/compiler-sfc@3.5.43 want: 3.5.43
578 silly placeDep ROOT magic-string@0.30.21 OK for: @vue/compiler-sfc@3.5.43 want: ^0.30.21
579 silly fetch manifest @jridgewell/sourcemap-codec@^1.5.5
580 silly packumentCache full:https://registry.npmjs.org/@jridgewell%2fsourcemap-codec cache-miss
581 http fetch GET 200 https://registry.npmjs.org/@jridgewell%2fsourcemap-codec 290ms (cache miss)
582 silly packumentCache full:https://registry.npmjs.org/@jridgewell%2fsourcemap-codec set size:undefined disposed:false
583 silly placeDep ROOT @vue/reactivity@3.5.43 OK for: @vue/runtime-dom@3.5.43 want: 3.5.43
584 silly placeDep ROOT @vue/runtime-core@3.5.43 OK for: @vue/runtime-dom@3.5.43 want: 3.5.43
585 silly placeDep ROOT csstype@3.2.3 OK for: @vue/runtime-dom@3.5.43 want: ^3.2.3
586 silly placeDep ROOT @jridgewell/sourcemap-codec@1.6.0 OK for: magic-string@0.30.21 want: ^1.5.5
587 silly fetch manifest @farmfe/core@*
588 silly packumentCache full:https://registry.npmjs.org/@farmfe%2fcore cache-miss
589 http fetch GET 200 https://registry.npmjs.org/@farmfe%2fcore 694ms (cache miss)
590 silly packumentCache full:https://registry.npmjs.org/@farmfe%2fcore set size:undefined disposed:false
591 silly fetch manifest @rsbuild/core@*
592 silly packumentCache full:https://registry.npmjs.org/@rsbuild%2fcore cache-miss
593 http fetch GET 200 https://registry.npmjs.org/@rsbuild%2fcore 521ms (cache miss)
594 silly packumentCache full:https://registry.npmjs.org/@rsbuild%2fcore set size:undefined disposed:false
595 silly fetch manifest core-js@>= 3.0.0
596 silly packumentCache full:https://registry.npmjs.org/core-js cache-miss
597 http fetch GET 200 https://registry.npmjs.org/core-js 1094ms (cache miss)
598 silly packumentCache full:https://registry.npmjs.org/core-js set size:undefined disposed:false
599 silly fetch manifest @rspack/core@*
600 silly packumentCache full:https://registry.npmjs.org/@rspack%2fcore cache-miss
601 http fetch GET 200 https://registry.npmjs.org/@rspack%2fcore 1739ms (cache miss)
602 silly packumentCache full:https://registry.npmjs.org/@rspack%2fcore set size:undefined disposed:false
603 silly fetch manifest @module-federation/runtime-tools@^0.24.1 || ^2.0.0
604 silly packumentCache full:https://registry.npmjs.org/@module-federation%2fruntime-tools cache-miss
605 http fetch GET 200 https://registry.npmjs.org/@module-federation%2fruntime-tools 1773ms (cache miss)
606 silly packumentCache full:https://registry.npmjs.org/@module-federation%2fruntime-tools set size:undefined disposed:false
607 silly fetch manifest @swc/helpers@^0.5.23
608 silly packumentCache full:https://registry.npmjs.org/@swc%2fhelpers cache-miss
609 http fetch GET 200 https://registry.npmjs.org/@swc%2fhelpers 301ms (cache miss)
610 silly packumentCache full:https://registry.npmjs.org/@swc%2fhelpers set size:undefined disposed:false
611 silly fetch manifest bun-types-no-globals@*
612 silly packumentCache full:https://registry.npmjs.org/bun-types-no-globals cache-miss
613 http fetch GET 200 https://registry.npmjs.org/bun-types-no-globals 497ms (cache miss)
614 silly packumentCache full:https://registry.npmjs.org/bun-types-no-globals set size:undefined disposed:false
615 silly fetch manifest esbuild@*
616 silly packumentCache full:https://registry.npmjs.org/esbuild cache-miss
617 http cache https://registry.npmjs.org/esbuild 24ms (cache hit)
618 silly packumentCache full:https://registry.npmjs.org/esbuild set size:1264676 disposed:false
619 silly fetch manifest rolldown@*
620 silly packumentCache full:https://registry.npmjs.org/rolldown cache-miss
621 http cache https://registry.npmjs.org/rolldown 22ms (cache hit)
622 silly packumentCache full:https://registry.npmjs.org/rolldown set size:3821542 disposed:false
623 silly fetch manifest rollup@*
624 silly packumentCache full:https://registry.npmjs.org/rollup cache-miss
625 http fetch GET 200 https://registry.npmjs.org/rollup 3789ms (cache miss)
626 silly packumentCache full:https://registry.npmjs.org/rollup set size:undefined disposed:false
627 silly fetch manifest unloader@*
628 silly packumentCache full:https://registry.npmjs.org/unloader cache-miss
629 http fetch GET 200 https://registry.npmjs.org/unloader 272ms (cache miss)
630 silly packumentCache full:https://registry.npmjs.org/unloader set size:undefined disposed:false
631 silly fetch manifest vite@^7.3.0 || ^8.0.0
632 silly packumentCache full:https://registry.npmjs.org/vite cache-miss
633 http cache https://registry.npmjs.org/vite 162ms (cache hit)
634 silly packumentCache full:https://registry.npmjs.org/vite set size:38945461 disposed:false
635 silly fetch manifest webpack@*
636 silly packumentCache full:https://registry.npmjs.org/webpack cache-miss
637 http fetch GET 200 https://registry.npmjs.org/webpack 3996ms (cache miss)
638 silly packumentCache full:https://registry.npmjs.org/webpack set size:undefined disposed:false
639 silly fetch manifest vue@^3.5.34 || ^4.0.0
640 silly packumentCache full:https://registry.npmjs.org/vue cache-miss
641 http cache https://registry.npmjs.org/vue 23ms (cache hit)
642 silly packumentCache full:https://registry.npmjs.org/vue set size:2110837 disposed:false
643 silly placeDep ROOT @vue-macros/common@3.1.4 OK for: vue-router@5.3.1 want: ^3.1.3
644 silly placeDep ROOT ast-walker-scope@0.9.0 OK for: vue-router@5.3.1 want: ^0.9.0
645 silly placeDep ROOT chokidar@5.0.0 OK for: vue-router@5.3.1 want: ^5.0.0
646 silly placeDep ROOT confbox@0.2.4 OK for: vue-router@5.3.1 want: ^0.2.4
647 silly placeDep ROOT local-pkg@1.2.1 OK for: vue-router@5.3.1 want: ^1.2.1
648 silly placeDep ROOT mlly@1.8.2 OK for: vue-router@5.3.1 want: ^1.8.2
649 silly placeDep ROOT muggle-string@0.4.1 OK for: vue-router@5.3.1 want: ^0.4.1
650 silly placeDep ROOT pathe@2.0.3 OK for: vue-router@5.3.1 want: ^2.0.3
651 silly placeDep ROOT scule@1.3.0 OK for: vue-router@5.3.1 want: ^1.3.0
652 silly placeDep ROOT unplugin@3.4.0 OK for: vue-router@5.3.1 want: ^3.3.0
653 silly placeDep ROOT unplugin-utils@0.3.2 OK for: vue-router@5.3.1 want: ^0.3.2
654 silly fetch manifest ast-kit@^2.1.2
655 silly packumentCache full:https://registry.npmjs.org/ast-kit cache-miss
656 silly fetch manifest local-pkg@^1.1.2
657 silly packumentCache full:https://registry.npmjs.org/local-pkg cache-miss
658 silly fetch manifest magic-string-ast@^1.0.2
659 silly packumentCache full:https://registry.npmjs.org/magic-string-ast cache-miss
660 silly fetch manifest unplugin-utils@^0.3.0
661 silly packumentCache full:https://registry.npmjs.org/unplugin-utils cache-miss
662 silly fetch manifest ast-kit@^2.2.0
663 silly packumentCache full:https://registry.npmjs.org/ast-kit cache-miss
664 silly fetch manifest readdirp@^5.0.0
665 silly packumentCache full:https://registry.npmjs.org/readdirp cache-miss
666 silly fetch manifest mlly@^1.7.4
667 silly packumentCache full:https://registry.npmjs.org/mlly cache-miss
668 silly fetch manifest pkg-types@^2.3.0
669 silly packumentCache full:https://registry.npmjs.org/pkg-types cache-miss
670 silly fetch manifest quansync@^0.2.11
671 silly packumentCache full:https://registry.npmjs.org/quansync cache-miss
672 silly fetch manifest acorn@^8.16.0
673 silly packumentCache full:https://registry.npmjs.org/acorn cache-miss
674 silly fetch manifest pkg-types@^1.3.1
675 silly packumentCache full:https://registry.npmjs.org/pkg-types cache-miss
676 silly fetch manifest ufo@^1.6.3
677 silly packumentCache full:https://registry.npmjs.org/ufo cache-miss
678 silly fetch manifest @jridgewell/remapping@^2.3.5
679 silly packumentCache full:https://registry.npmjs.org/@jridgewell%2fremapping cache-miss
680 silly fetch manifest webpack-virtual-modules@^0.6.2
681 silly packumentCache full:https://registry.npmjs.org/webpack-virtual-modules cache-miss
682 http cache https://registry.npmjs.org/unplugin-utils 27ms (cache hit)
683 silly packumentCache full:https://registry.npmjs.org/unplugin-utils set size:26075 disposed:false
684 http cache https://registry.npmjs.org/local-pkg 30ms (cache hit)
685 silly packumentCache full:https://registry.npmjs.org/local-pkg set size:42521 disposed:false
686 http cache https://registry.npmjs.org/mlly 31ms (cache hit)
687 silly packumentCache full:https://registry.npmjs.org/mlly set size:209209 disposed:false
688 http fetch GET 200 https://registry.npmjs.org/@jridgewell%2fremapping 310ms (cache miss)
689 silly packumentCache full:https://registry.npmjs.org/@jridgewell%2fremapping set size:undefined disposed:false
690 http fetch GET 200 https://registry.npmjs.org/ast-kit 319ms (cache miss)
691 silly packumentCache full:https://registry.npmjs.org/ast-kit set size:undefined disposed:false
692 http fetch GET 200 https://registry.npmjs.org/webpack-virtual-modules 408ms (cache miss)
693 silly packumentCache full:https://registry.npmjs.org/webpack-virtual-modules set size:undefined disposed:false
694 http fetch GET 200 https://registry.npmjs.org/ast-kit 421ms (cache miss)
695 silly packumentCache full:https://registry.npmjs.org/ast-kit set size:undefined disposed:false
696 http fetch GET 200 https://registry.npmjs.org/ufo 485ms (cache miss)
697 silly packumentCache full:https://registry.npmjs.org/ufo set size:undefined disposed:false
698 http fetch GET 200 https://registry.npmjs.org/acorn 510ms (cache miss)
699 silly packumentCache full:https://registry.npmjs.org/acorn set size:undefined disposed:false
700 http fetch GET 200 https://registry.npmjs.org/readdirp 699ms (cache miss)
701 silly packumentCache full:https://registry.npmjs.org/readdirp set size:undefined disposed:false
702 http fetch GET 200 https://registry.npmjs.org/magic-string-ast 710ms (cache miss)
703 silly packumentCache full:https://registry.npmjs.org/magic-string-ast set size:undefined disposed:false
704 http fetch GET 200 https://registry.npmjs.org/pkg-types 711ms (cache miss)
705 silly packumentCache full:https://registry.npmjs.org/pkg-types set size:undefined disposed:false
706 http fetch GET 200 https://registry.npmjs.org/quansync 998ms (cache miss)
707 silly packumentCache full:https://registry.npmjs.org/quansync set size:undefined disposed:false
708 http fetch GET 200 https://registry.npmjs.org/pkg-types 1671ms (cache miss)
709 silly packumentCache full:https://registry.npmjs.org/pkg-types set size:undefined disposed:false
710 silly placeDep ROOT ast-kit@2.2.0 OK for: @vue-macros/common@3.1.4 want: ^2.1.2
711 silly placeDep ROOT magic-string-ast@1.0.3 OK for: @vue-macros/common@3.1.4 want: ^1.0.2
712 silly placeDep ROOT readdirp@5.1.1 OK for: chokidar@5.0.0 want: ^5.0.0
713 silly placeDep ROOT pkg-types@2.3.3 OK for: local-pkg@1.2.1 want: ^2.3.0
714 silly placeDep ROOT quansync@0.2.11 OK for: local-pkg@1.2.1 want: ^0.2.11
715 silly fetch manifest confbox@^0.3.1
716 silly packumentCache full:https://registry.npmjs.org/confbox cache-miss
717 silly fetch manifest exsolve@^1.1.1
718 silly packumentCache full:https://registry.npmjs.org/exsolve cache-miss
719 http cache https://registry.npmjs.org/confbox 53ms (cache hit)
720 silly packumentCache full:https://registry.npmjs.org/confbox set size:49622 disposed:false
721 http fetch GET 200 https://registry.npmjs.org/exsolve 306ms (cache miss)
722 silly packumentCache full:https://registry.npmjs.org/exsolve set size:undefined disposed:false
723 silly placeDep ROOT acorn@8.18.0 OK for: mlly@1.8.2 want: ^8.16.0
724 silly placeDep node_modules/mlly pkg-types@1.3.1 OK for: mlly@1.8.2 want: ^1.3.1
725 silly placeDep ROOT ufo@1.6.4 OK for: mlly@1.8.2 want: ^1.6.3
726 silly fetch manifest confbox@^0.1.8
727 silly packumentCache full:https://registry.npmjs.org/confbox cache-hit
728 silly placeDep node_modules/pkg-types confbox@0.3.1 OK for: pkg-types@2.3.3 want: ^0.3.1
729 silly placeDep ROOT exsolve@1.1.1 OK for: pkg-types@2.3.3 want: ^1.1.1
730 silly placeDep ROOT @jridgewell/remapping@2.3.5 OK for: unplugin@3.4.0 want: ^2.3.5
731 silly placeDep ROOT webpack-virtual-modules@0.6.2 OK for: unplugin@3.4.0 want: ^0.6.2
732 silly fetch manifest @jridgewell/gen-mapping@^0.3.5
733 silly packumentCache full:https://registry.npmjs.org/@jridgewell%2fgen-mapping cache-miss
734 silly fetch manifest @jridgewell/trace-mapping@^0.3.24
735 silly packumentCache full:https://registry.npmjs.org/@jridgewell%2ftrace-mapping cache-miss
736 http fetch GET 200 https://registry.npmjs.org/@jridgewell%2fgen-mapping 381ms (cache miss)
737 silly packumentCache full:https://registry.npmjs.org/@jridgewell%2fgen-mapping set size:undefined disposed:false
738 http fetch GET 200 https://registry.npmjs.org/@jridgewell%2ftrace-mapping 588ms (cache miss)
739 silly packumentCache full:https://registry.npmjs.org/@jridgewell%2ftrace-mapping set size:undefined disposed:false
740 silly placeDep ROOT @jridgewell/gen-mapping@0.3.13 OK for: @jridgewell/remapping@2.3.5 want: ^0.3.5
741 silly placeDep ROOT @jridgewell/trace-mapping@0.3.31 OK for: @jridgewell/remapping@2.3.5 want: ^0.3.24
742 silly fetch manifest @jridgewell/resolve-uri@^3.1.0
743 silly packumentCache full:https://registry.npmjs.org/@jridgewell%2fresolve-uri cache-miss
744 http fetch GET 200 https://registry.npmjs.org/@jridgewell%2fresolve-uri 626ms (cache miss)
745 silly packumentCache full:https://registry.npmjs.org/@jridgewell%2fresolve-uri set size:undefined disposed:false
746 silly placeDep ROOT @jridgewell/resolve-uri@3.1.2 OK for: @jridgewell/trace-mapping@0.3.31 want: ^3.1.0
747 silly placeDep node_modules/mlly confbox@0.1.8 OK for: pkg-types@1.3.1 want: ^0.1.8
748 silly reify moves {}
749 silly audit bulk request {
749 silly audit   '@phosphor-icons/vue': [ '2.2.1' ],
749 silly audit   vue: [ '3.5.43' ],
749 silly audit   '@vitejs/plugin-vue': [ '6.0.9' ],
749 silly audit   vite: [ '8.3.0' ],
749 silly audit   dexie: [ '4.4.6' ],
749 silly audit   'dexie-export-import': [ '4.4.1' ],
749 silly audit   pinia: [ '4.0.3' ],
749 silly audit   '@vue/devtools-api': [ '8.2.1' ],
749 silly audit   'vue-router': [ '5.3.1' ],
749 silly audit   '@rolldown/pluginutils': [ '1.0.1' ],
749 silly audit   '@vue/devtools-kit': [ '8.2.1' ],
749 silly audit   '@vue/devtools-shared': [ '8.2.1' ],
749 silly audit   birpc: [ '2.9.0' ],
749 silly audit   hookable: [ '5.5.3' ],
749 silly audit   'perfect-debounce': [ '2.1.0' ],
749 silly audit   nostics: [ '1.2.0' ],
749 silly audit   fsevents: [ '2.3.3' ],
749 silly audit   lightningcss: [ '1.33.0' ],
749 silly audit   picomatch: [ '4.0.7' ],
749 silly audit   postcss: [ '8.5.28' ],
749 silly audit   rolldown: [ '1.2.9' ],
749 silly audit   tinyglobby: [ '0.2.17' ],
749 silly audit   'detect-libc': [ '2.1.2' ],
749 silly audit   'lightningcss-android-arm64': [ '1.33.0' ],
749 silly audit   'lightningcss-darwin-arm64': [ '1.33.0' ],
749 silly audit   'lightningcss-darwin-x64': [ '1.33.0' ],
749 silly audit   'lightningcss-freebsd-x64': [ '1.33.0' ],
749 silly audit   'lightningcss-linux-arm-gnueabihf': [ '1.33.0' ],
749 silly audit   'lightningcss-linux-arm64-gnu': [ '1.33.0' ],
749 silly audit   'lightningcss-linux-arm64-musl': [ '1.33.0' ],
749 silly audit   'lightningcss-linux-x64-gnu': [ '1.33.0' ],
749 silly audit   'lightningcss-linux-x64-musl': [ '1.33.0' ],
749 silly audit   'lightningcss-win32-arm64-msvc': [ '1.33.0' ],
749 silly audit   'lightningcss-win32-x64-msvc': [ '1.33.0' ],
749 silly audit   nanoid: [ '3.3.19' ],
749 silly audit   picocolors: [ '1.1.1' ],
749 silly audit   'source-map-js': [ '1.2.1' ],
749 silly audit   '@oxc-project/types': [ '0.150.0' ],
749 silly audit   '@rolldown/binding-android-arm-eabi': [ '1.2.9' ],
749 silly audit   '@rolldown/binding-android-arm64': [ '1.2.9' ],
749 silly audit   '@rolldown/binding-darwin-arm64': [ '1.2.9' ],
749 silly audit   '@rolldown/binding-darwin-x64': [ '1.2.9' ],
749 silly audit   '@rolldown/binding-freebsd-x64': [ '1.2.9' ],
749 silly audit   '@rolldown/binding-linux-arm-gnueabihf': [ '1.2.9' ],
749 silly audit   '@rolldown/binding-linux-arm64-gnu': [ '1.2.9' ],
749 silly audit   '@rolldown/binding-linux-arm64-musl': [ '1.2.9' ],
749 silly audit   '@rolldown/binding-linux-ppc64-gnu': [ '1.2.9' ],
749 silly audit   '@rolldown/binding-linux-s390x-gnu': [ '1.2.9' ],
749 silly audit   '@rolldown/binding-linux-x64-gnu': [ '1.2.9' ],
749 silly audit   '@rolldown/binding-linux-x64-musl': [ '1.2.9' ],
749 silly audit   '@rolldown/binding-openharmony-arm64': [ '1.2.9' ],
749 silly audit   '@rolldown/binding-win32-arm64-msvc': [ '1.2.9' ],
749 silly audit   '@rolldown/binding-win32-x64-msvc': [ '1.2.9' ],
749 silly audit   fdir: [ '6.5.0' ],
749 silly audit   '@vue/compiler-dom': [ '3.5.43' ],
749 silly audit   '@vue/compiler-sfc': [ '3.5.43' ],
749 silly audit   '@vue/runtime-dom': [ '3.5.43' ],
749 silly audit   '@vue/server-renderer': [ '3.5.43' ],
749 silly audit   '@vue/shared': [ '3.5.43' ],
749 silly audit   '@vue/compiler-core': [ '3.5.43' ],
749 silly audit   '@babel/parser': [ '7.29.9' ],
749 silly audit   entities: [ '7.0.1' ],
749 silly audit   'estree-walker': [ '2.0.2' ],
749 silly audit   '@babel/types': [ '7.29.8' ],
749 silly audit   '@babel/helper-string-parser': [ '7.29.7' ],
749 silly audit   '@babel/helper-validator-identifier': [ '7.29.7' ],
749 silly audit   '@vue/compiler-ssr': [ '3.5.43' ],
749 silly audit   'magic-string': [ '0.30.21' ],
749 silly audit   '@vue/reactivity': [ '3.5.43' ],
749 silly audit   '@vue/runtime-core': [ '3.5.43' ],
749 silly audit   csstype: [ '3.2.3' ],
749 silly audit   '@jridgewell/sourcemap-codec': [ '1.6.0' ],
749 silly audit   '@vue-macros/common': [ '3.1.4' ],
749 silly audit   'ast-walker-scope': [ '0.9.0' ],
749 silly audit   chokidar: [ '5.0.0' ],
749 silly audit   confbox: [ '0.2.4', '0.3.1', '0.1.8' ],
749 silly audit   'local-pkg': [ '1.2.1' ],
749 silly audit   mlly: [ '1.8.2' ],
749 silly audit   'muggle-string': [ '0.4.1' ],
749 silly audit   pathe: [ '2.0.3' ],
749 silly audit   scule: [ '1.3.0' ],
749 silly audit   unplugin: [ '3.4.0' ],
749 silly audit   'unplugin-utils': [ '0.3.2' ],
749 silly audit   'ast-kit': [ '2.2.0' ],
749 silly audit   'magic-string-ast': [ '1.0.3' ],
749 silly audit   readdirp: [ '5.1.1' ],
749 silly audit   'pkg-types': [ '2.3.3', '1.3.1' ],
749 silly audit   quansync: [ '0.2.11' ],
749 silly audit   acorn: [ '8.18.0' ],
749 silly audit   ufo: [ '1.6.4' ],
749 silly audit   exsolve: [ '1.1.1' ],
749 silly audit   '@jridgewell/remapping': [ '2.3.5' ],
749 silly audit   'webpack-virtual-modules': [ '0.6.2' ],
749 silly audit   '@jridgewell/gen-mapping': [ '0.3.13' ],
749 silly audit   '@jridgewell/trace-mapping': [ '0.3.31' ],
749 silly audit   '@jridgewell/resolve-uri': [ '3.1.2' ]
749 silly audit }
750 http fetch POST 200 https://registry.npmjs.org/-/npm/v1/security/advisories/bulk 325ms
751 silly audit report {}
752 http cache readdirp@https://registry.npmjs.org/readdirp/-/readdirp-5.1.1.tgz 0ms (cache hit)
753 http cache chokidar@https://registry.npmjs.org/chokidar/-/chokidar-5.0.0.tgz 0ms (cache hit)
754 http cache csstype@https://registry.npmjs.org/csstype/-/csstype-3.2.3.tgz 0ms (cache hit)
755 http cache @oxc-project/types@https://registry.npmjs.org/@oxc-project/types/-/types-0.150.0.tgz 1ms (cache hit)
756 http cache picocolors@https://registry.npmjs.org/picocolors/-/picocolors-1.1.1.tgz 0ms (cache hit)
757 http cache @rolldown/binding-win32-x64-msvc@https://registry.npmjs.org/@rolldown/binding-win32-x64-msvc/-/binding-win32-x64-msvc-1.2.9.tgz 0ms (cache hit)
758 http cache lightningcss-win32-x64-msvc@https://registry.npmjs.org/lightningcss-win32-x64-msvc/-/lightningcss-win32-x64-msvc-1.33.0.tgz 0ms (cache hit)
759 silly tarball no local data for readdirp@https://registry.npmjs.org/readdirp/-/readdirp-5.1.1.tgz. Extracting by manifest.
760 silly tarball no local data for chokidar@https://registry.npmjs.org/chokidar/-/chokidar-5.0.0.tgz. Extracting by manifest.
761 silly tarball no local data for csstype@https://registry.npmjs.org/csstype/-/csstype-3.2.3.tgz. Extracting by manifest.
762 silly tarball no local data for @oxc-project/types@https://registry.npmjs.org/@oxc-project/types/-/types-0.150.0.tgz. Extracting by manifest.
763 silly tarball no local data for picocolors@https://registry.npmjs.org/picocolors/-/picocolors-1.1.1.tgz. Extracting by manifest.
764 silly tarball no local data for @rolldown/binding-win32-x64-msvc@https://registry.npmjs.org/@rolldown/binding-win32-x64-msvc/-/binding-win32-x64-msvc-1.2.9.tgz. Extracting by manifest.
765 silly tarball no local data for lightningcss-win32-x64-msvc@https://registry.npmjs.org/lightningcss-win32-x64-msvc/-/lightningcss-win32-x64-msvc-1.33.0.tgz. Extracting by manifest.
766 http cache webpack-virtual-modules@https://registry.npmjs.org/webpack-virtual-modules/-/webpack-virtual-modules-0.6.2.tgz 0ms (cache hit)
767 http cache @jridgewell/trace-mapping@https://registry.npmjs.org/@jridgewell/trace-mapping/-/trace-mapping-0.3.31.tgz 0ms (cache hit)
768 http cache ufo@https://registry.npmjs.org/ufo/-/ufo-1.6.4.tgz 0ms (cache hit)
769 http cache exsolve@https://registry.npmjs.org/exsolve/-/exsolve-1.1.1.tgz 0ms (cache hit)
770 http cache @jridgewell/remapping@https://registry.npmjs.org/@jridgewell/remapping/-/remapping-2.3.5.tgz 0ms (cache hit)
771 http cache pkg-types@https://registry.npmjs.org/pkg-types/-/pkg-types-2.3.3.tgz 0ms (cache hit)
772 http cache magic-string-ast@https://registry.npmjs.org/magic-string-ast/-/magic-string-ast-1.0.3.tgz 0ms (cache hit)
773 http cache ast-kit@https://registry.npmjs.org/ast-kit/-/ast-kit-2.2.0.tgz 0ms (cache hit)
774 http cache quansync@https://registry.npmjs.org/quansync/-/quansync-0.2.11.tgz 0ms (cache hit)
775 http cache scule@https://registry.npmjs.org/scule/-/scule-1.3.0.tgz 0ms (cache hit)
776 http cache unplugin-utils@https://registry.npmjs.org/unplugin-utils/-/unplugin-utils-0.3.2.tgz 0ms (cache hit)
777 http cache mlly@https://registry.npmjs.org/mlly/-/mlly-1.8.2.tgz 0ms (cache hit)
778 http cache @vue-macros/common@https://registry.npmjs.org/@vue-macros/common/-/common-3.1.4.tgz 0ms (cache hit)
779 http cache @vue/reactivity@https://registry.npmjs.org/@vue/reactivity/-/reactivity-3.5.43.tgz 0ms (cache hit)
780 http cache muggle-string@https://registry.npmjs.org/muggle-string/-/muggle-string-0.4.1.tgz 0ms (cache hit)
781 http cache local-pkg@https://registry.npmjs.org/local-pkg/-/local-pkg-1.2.1.tgz 0ms (cache hit)
782 http cache @vue/runtime-core@https://registry.npmjs.org/@vue/runtime-core/-/runtime-core-3.5.43.tgz 0ms (cache hit)
783 http cache ast-walker-scope@https://registry.npmjs.org/ast-walker-scope/-/ast-walker-scope-0.9.0.tgz 0ms (cache hit)
784 http cache @vue/compiler-ssr@https://registry.npmjs.org/@vue/compiler-ssr/-/compiler-ssr-3.5.43.tgz 0ms (cache hit)
785 http cache @babel/helper-string-parser@https://registry.npmjs.org/@babel/helper-string-parser/-/helper-string-parser-7.29.7.tgz 0ms (cache hit)
786 http cache @jridgewell/sourcemap-codec@https://registry.npmjs.org/@jridgewell/sourcemap-codec/-/sourcemap-codec-1.6.0.tgz 0ms (cache hit)
787 http cache magic-string@https://registry.npmjs.org/magic-string/-/magic-string-0.30.21.tgz 0ms (cache hit)
788 http cache @babel/helper-validator-identifier@https://registry.npmjs.org/@babel/helper-validator-identifier/-/helper-validator-identifier-7.29.7.tgz 0ms (cache hit)
789 http cache @vue/compiler-core@https://registry.npmjs.org/@vue/compiler-core/-/compiler-core-3.5.43.tgz 0ms (cache hit)
790 http cache @vue/shared@https://registry.npmjs.org/@vue/shared/-/shared-3.5.43.tgz 0ms (cache hit)
791 http cache @vue/runtime-dom@https://registry.npmjs.org/@vue/runtime-dom/-/runtime-dom-3.5.43.tgz 0ms (cache hit)
792 http cache detect-libc@https://registry.npmjs.org/detect-libc/-/detect-libc-2.1.2.tgz 0ms (cache hit)
793 http cache @vue/compiler-sfc@https://registry.npmjs.org/@vue/compiler-sfc/-/compiler-sfc-3.5.43.tgz 0ms (cache hit)
794 http cache fdir@https://registry.npmjs.org/fdir/-/fdir-6.5.0.tgz 0ms (cache hit)
795 http cache @vue/server-renderer@https://registry.npmjs.org/@vue/server-renderer/-/server-renderer-3.5.43.tgz 0ms (cache hit)
796 http cache @vue/compiler-dom@https://registry.npmjs.org/@vue/compiler-dom/-/compiler-dom-3.5.43.tgz 0ms (cache hit)
797 http cache source-map-js@https://registry.npmjs.org/source-map-js/-/source-map-js-1.2.1.tgz 0ms (cache hit)
798 http cache postcss@https://registry.npmjs.org/postcss/-/postcss-8.5.28.tgz 0ms (cache hit)
799 http cache tinyglobby@https://registry.npmjs.org/tinyglobby/-/tinyglobby-0.2.17.tgz 0ms (cache hit)
800 http cache @vue/devtools-shared@https://registry.npmjs.org/@vue/devtools-shared/-/devtools-shared-8.2.1.tgz 0ms (cache hit)
801 http cache lightningcss@https://registry.npmjs.org/lightningcss/-/lightningcss-1.33.0.tgz 0ms (cache hit)
802 http cache picomatch@https://registry.npmjs.org/picomatch/-/picomatch-4.0.7.tgz 0ms (cache hit)
803 http cache hookable@https://registry.npmjs.org/hookable/-/hookable-5.5.3.tgz 0ms (cache hit)
804 http cache @vue/devtools-kit@https://registry.npmjs.org/@vue/devtools-kit/-/devtools-kit-8.2.1.tgz 0ms (cache hit)
805 http cache perfect-debounce@https://registry.npmjs.org/perfect-debounce/-/perfect-debounce-2.1.0.tgz 0ms (cache hit)
806 http cache birpc@https://registry.npmjs.org/birpc/-/birpc-2.9.0.tgz 0ms (cache hit)
807 http cache pinia@https://registry.npmjs.org/pinia/-/pinia-4.0.3.tgz 0ms (cache hit)
808 http cache dexie-export-import@https://registry.npmjs.org/dexie-export-import/-/dexie-export-import-4.4.1.tgz 0ms (cache hit)
809 http cache @vue/devtools-api@https://registry.npmjs.org/@vue/devtools-api/-/devtools-api-8.2.1.tgz 0ms (cache hit)
810 silly tarball no local data for webpack-virtual-modules@https://registry.npmjs.org/webpack-virtual-modules/-/webpack-virtual-modules-0.6.2.tgz. Extracting by manifest.
811 silly tarball no local data for @jridgewell/trace-mapping@https://registry.npmjs.org/@jridgewell/trace-mapping/-/trace-mapping-0.3.31.tgz. Extracting by manifest.
812 http cache @vitejs/plugin-vue@https://registry.npmjs.org/@vitejs/plugin-vue/-/plugin-vue-6.0.9.tgz 0ms (cache hit)
813 silly tarball no local data for ufo@https://registry.npmjs.org/ufo/-/ufo-1.6.4.tgz. Extracting by manifest.
814 silly tarball no local data for exsolve@https://registry.npmjs.org/exsolve/-/exsolve-1.1.1.tgz. Extracting by manifest.
815 silly tarball no local data for @jridgewell/remapping@https://registry.npmjs.org/@jridgewell/remapping/-/remapping-2.3.5.tgz. Extracting by manifest.
816 silly tarball no local data for pkg-types@https://registry.npmjs.org/pkg-types/-/pkg-types-2.3.3.tgz. Extracting by manifest.
817 silly tarball no local data for magic-string-ast@https://registry.npmjs.org/magic-string-ast/-/magic-string-ast-1.0.3.tgz. Extracting by manifest.
818 silly tarball no local data for ast-kit@https://registry.npmjs.org/ast-kit/-/ast-kit-2.2.0.tgz. Extracting by manifest.
819 silly tarball no local data for quansync@https://registry.npmjs.org/quansync/-/quansync-0.2.11.tgz. Extracting by manifest.
820 silly tarball no local data for scule@https://registry.npmjs.org/scule/-/scule-1.3.0.tgz. Extracting by manifest.
821 http cache vue@https://registry.npmjs.org/vue/-/vue-3.5.43.tgz 0ms (cache hit)
822 silly tarball no local data for unplugin-utils@https://registry.npmjs.org/unplugin-utils/-/unplugin-utils-0.3.2.tgz. Extracting by manifest.
823 silly tarball no local data for mlly@https://registry.npmjs.org/mlly/-/mlly-1.8.2.tgz. Extracting by manifest.
824 silly tarball no local data for @vue-macros/common@https://registry.npmjs.org/@vue-macros/common/-/common-3.1.4.tgz. Extracting by manifest.
825 http cache acorn@https://registry.npmjs.org/acorn/-/acorn-8.18.0.tgz 0ms (cache hit)
826 silly tarball no local data for @vue/reactivity@https://registry.npmjs.org/@vue/reactivity/-/reactivity-3.5.43.tgz. Extracting by manifest.
827 silly tarball no local data for muggle-string@https://registry.npmjs.org/muggle-string/-/muggle-string-0.4.1.tgz. Extracting by manifest.
828 silly tarball no local data for local-pkg@https://registry.npmjs.org/local-pkg/-/local-pkg-1.2.1.tgz. Extracting by manifest.
829 silly tarball no local data for @vue/runtime-core@https://registry.npmjs.org/@vue/runtime-core/-/runtime-core-3.5.43.tgz. Extracting by manifest.
830 silly tarball no local data for @vue/compiler-ssr@https://registry.npmjs.org/@vue/compiler-ssr/-/compiler-ssr-3.5.43.tgz. Extracting by manifest.
831 silly tarball no local data for ast-walker-scope@https://registry.npmjs.org/ast-walker-scope/-/ast-walker-scope-0.9.0.tgz. Extracting by manifest.
832 silly tarball no local data for @babel/helper-string-parser@https://registry.npmjs.org/@babel/helper-string-parser/-/helper-string-parser-7.29.7.tgz. Extracting by manifest.
833 silly tarball no local data for @jridgewell/sourcemap-codec@https://registry.npmjs.org/@jridgewell/sourcemap-codec/-/sourcemap-codec-1.6.0.tgz. Extracting by manifest.
834 silly tarball no local data for magic-string@https://registry.npmjs.org/magic-string/-/magic-string-0.30.21.tgz. Extracting by manifest.
835 silly tarball no local data for @babel/helper-validator-identifier@https://registry.npmjs.org/@babel/helper-validator-identifier/-/helper-validator-identifier-7.29.7.tgz. Extracting by manifest.
836 silly tarball no local data for @vue/compiler-core@https://registry.npmjs.org/@vue/compiler-core/-/compiler-core-3.5.43.tgz. Extracting by manifest.
837 silly tarball no local data for @vue/shared@https://registry.npmjs.org/@vue/shared/-/shared-3.5.43.tgz. Extracting by manifest.
838 silly tarball no local data for @vue/runtime-dom@https://registry.npmjs.org/@vue/runtime-dom/-/runtime-dom-3.5.43.tgz. Extracting by manifest.
839 silly tarball no local data for detect-libc@https://registry.npmjs.org/detect-libc/-/detect-libc-2.1.2.tgz. Extracting by manifest.
840 silly tarball no local data for @vue/compiler-sfc@https://registry.npmjs.org/@vue/compiler-sfc/-/compiler-sfc-3.5.43.tgz. Extracting by manifest.
841 silly tarball no local data for fdir@https://registry.npmjs.org/fdir/-/fdir-6.5.0.tgz. Extracting by manifest.
842 silly tarball no local data for @vue/server-renderer@https://registry.npmjs.org/@vue/server-renderer/-/server-renderer-3.5.43.tgz. Extracting by manifest.
843 silly tarball no local data for source-map-js@https://registry.npmjs.org/source-map-js/-/source-map-js-1.2.1.tgz. Extracting by manifest.
844 silly tarball no local data for postcss@https://registry.npmjs.org/postcss/-/postcss-8.5.28.tgz. Extracting by manifest.
845 silly tarball no local data for @vue/compiler-dom@https://registry.npmjs.org/@vue/compiler-dom/-/compiler-dom-3.5.43.tgz. Extracting by manifest.
846 http cache @babel/parser@https://registry.npmjs.org/@babel/parser/-/parser-7.29.9.tgz 0ms (cache hit)
847 silly tarball no local data for tinyglobby@https://registry.npmjs.org/tinyglobby/-/tinyglobby-0.2.17.tgz. Extracting by manifest.
848 http cache nanoid@https://registry.npmjs.org/nanoid/-/nanoid-3.3.19.tgz 0ms (cache hit)
849 silly tarball no local data for @vue/devtools-shared@https://registry.npmjs.org/@vue/devtools-shared/-/devtools-shared-8.2.1.tgz. Extracting by manifest.
850 silly tarball no local data for lightningcss@https://registry.npmjs.org/lightningcss/-/lightningcss-1.33.0.tgz. Extracting by manifest.
851 silly tarball no local data for picomatch@https://registry.npmjs.org/picomatch/-/picomatch-4.0.7.tgz. Extracting by manifest.
852 silly tarball no local data for hookable@https://registry.npmjs.org/hookable/-/hookable-5.5.3.tgz. Extracting by manifest.
853 silly tarball no local data for @vue/devtools-kit@https://registry.npmjs.org/@vue/devtools-kit/-/devtools-kit-8.2.1.tgz. Extracting by manifest.
854 silly tarball no local data for perfect-debounce@https://registry.npmjs.org/perfect-debounce/-/perfect-debounce-2.1.0.tgz. Extracting by manifest.
855 silly tarball no local data for birpc@https://registry.npmjs.org/birpc/-/birpc-2.9.0.tgz. Extracting by manifest.
856 silly tarball no local data for pinia@https://registry.npmjs.org/pinia/-/pinia-4.0.3.tgz. Extracting by manifest.
857 silly tarball no local data for dexie-export-import@https://registry.npmjs.org/dexie-export-import/-/dexie-export-import-4.4.1.tgz. Extracting by manifest.
858 silly tarball no local data for @vue/devtools-api@https://registry.npmjs.org/@vue/devtools-api/-/devtools-api-8.2.1.tgz. Extracting by manifest.
859 silly tarball no local data for @vitejs/plugin-vue@https://registry.npmjs.org/@vitejs/plugin-vue/-/plugin-vue-6.0.9.tgz. Extracting by manifest.
860 silly tarball no local data for vue@https://registry.npmjs.org/vue/-/vue-3.5.43.tgz. Extracting by manifest.
861 silly tarball no local data for acorn@https://registry.npmjs.org/acorn/-/acorn-8.18.0.tgz. Extracting by manifest.
862 silly tarball no local data for @babel/parser@https://registry.npmjs.org/@babel/parser/-/parser-7.29.9.tgz. Extracting by manifest.
863 silly tarball no local data for nanoid@https://registry.npmjs.org/nanoid/-/nanoid-3.3.19.tgz. Extracting by manifest.
864 http cache @jridgewell/gen-mapping@https://registry.npmjs.org/@jridgewell/gen-mapping/-/gen-mapping-0.3.13.tgz 0ms (cache hit)
865 http cache @jridgewell/resolve-uri@https://registry.npmjs.org/@jridgewell/resolve-uri/-/resolve-uri-3.1.2.tgz 0ms (cache hit)
866 http cache pkg-types@https://registry.npmjs.org/pkg-types/-/pkg-types-1.3.1.tgz 0ms (cache hit)
867 http cache pathe@https://registry.npmjs.org/pathe/-/pathe-2.0.3.tgz 0ms (cache hit)
868 http cache estree-walker@https://registry.npmjs.org/estree-walker/-/estree-walker-2.0.2.tgz 0ms (cache hit)
869 http cache @rolldown/pluginutils@https://registry.npmjs.org/@rolldown/pluginutils/-/pluginutils-1.0.1.tgz 0ms (cache hit)
870 silly tarball no local data for @jridgewell/gen-mapping@https://registry.npmjs.org/@jridgewell/gen-mapping/-/gen-mapping-0.3.13.tgz. Extracting by manifest.
871 http cache vue-router@https://registry.npmjs.org/vue-router/-/vue-router-5.3.1.tgz 0ms (cache hit)
872 http cache dexie@https://registry.npmjs.org/dexie/-/dexie-4.4.6.tgz 0ms (cache hit)
873 silly tarball no local data for @jridgewell/resolve-uri@https://registry.npmjs.org/@jridgewell/resolve-uri/-/resolve-uri-3.1.2.tgz. Extracting by manifest.
874 silly tarball no local data for pkg-types@https://registry.npmjs.org/pkg-types/-/pkg-types-1.3.1.tgz. Extracting by manifest.
875 silly tarball no local data for pathe@https://registry.npmjs.org/pathe/-/pathe-2.0.3.tgz. Extracting by manifest.
876 silly tarball no local data for estree-walker@https://registry.npmjs.org/estree-walker/-/estree-walker-2.0.2.tgz. Extracting by manifest.
877 silly tarball no local data for @rolldown/pluginutils@https://registry.npmjs.org/@rolldown/pluginutils/-/pluginutils-1.0.1.tgz. Extracting by manifest.
878 http cache rolldown@https://registry.npmjs.org/rolldown/-/rolldown-1.2.9.tgz 1ms (cache hit)
879 silly tarball no local data for vue-router@https://registry.npmjs.org/vue-router/-/vue-router-5.3.1.tgz. Extracting by manifest.
880 silly tarball no local data for dexie@https://registry.npmjs.org/dexie/-/dexie-4.4.6.tgz. Extracting by manifest.
881 http cache @phosphor-icons/vue@https://registry.npmjs.org/@phosphor-icons/vue/-/vue-2.2.1.tgz 0ms (cache hit)
882 silly tarball no local data for rolldown@https://registry.npmjs.org/rolldown/-/rolldown-1.2.9.tgz. Extracting by manifest.
883 silly tarball no local data for @phosphor-icons/vue@https://registry.npmjs.org/@phosphor-icons/vue/-/vue-2.2.1.tgz. Extracting by manifest.
884 http cache confbox@https://registry.npmjs.org/confbox/-/confbox-0.2.4.tgz 0ms (cache hit)
885 http cache unplugin@https://registry.npmjs.org/unplugin/-/unplugin-3.4.0.tgz 0ms (cache hit)
886 http cache @babel/types@https://registry.npmjs.org/@babel/types/-/types-7.29.8.tgz 0ms (cache hit)
887 http cache entities@https://registry.npmjs.org/entities/-/entities-7.0.1.tgz 0ms (cache hit)
888 http cache nostics@https://registry.npmjs.org/nostics/-/nostics-1.2.0.tgz 0ms (cache hit)
889 http cache confbox@https://registry.npmjs.org/confbox/-/confbox-0.1.8.tgz 0ms (cache hit)
890 silly tarball no local data for confbox@https://registry.npmjs.org/confbox/-/confbox-0.2.4.tgz. Extracting by manifest.
891 silly tarball no local data for unplugin@https://registry.npmjs.org/unplugin/-/unplugin-3.4.0.tgz. Extracting by manifest.
892 silly tarball no local data for @babel/types@https://registry.npmjs.org/@babel/types/-/types-7.29.8.tgz. Extracting by manifest.
893 silly tarball no local data for entities@https://registry.npmjs.org/entities/-/entities-7.0.1.tgz. Extracting by manifest.
894 silly tarball no local data for nostics@https://registry.npmjs.org/nostics/-/nostics-1.2.0.tgz. Extracting by manifest.
895 silly tarball no local data for confbox@https://registry.npmjs.org/confbox/-/confbox-0.1.8.tgz. Extracting by manifest.
896 http cache vite@https://registry.npmjs.org/vite/-/vite-8.3.0.tgz 0ms (cache hit)
897 silly tarball no local data for vite@https://registry.npmjs.org/vite/-/vite-8.3.0.tgz. Extracting by manifest.
898 http cache confbox@https://registry.npmjs.org/confbox/-/confbox-0.3.1.tgz 0ms (cache hit)
899 silly tarball no local data for confbox@https://registry.npmjs.org/confbox/-/confbox-0.3.1.tgz. Extracting by manifest.
900 http fetch GET 200 https://registry.npmjs.org/picocolors/-/picocolors-1.1.1.tgz 2098ms (cache miss)
901 http fetch GET 200 https://registry.npmjs.org/readdirp/-/readdirp-5.1.1.tgz 2201ms (cache miss)
902 http fetch GET 200 https://registry.npmjs.org/@oxc-project/types/-/types-0.150.0.tgz 2137ms (cache miss)
903 http fetch GET 200 https://registry.npmjs.org/chokidar/-/chokidar-5.0.0.tgz 2195ms (cache miss)
904 http fetch GET 200 https://registry.npmjs.org/csstype/-/csstype-3.2.3.tgz 2214ms (cache miss)
905 http fetch GET 200 https://registry.npmjs.org/scule/-/scule-1.3.0.tgz 2115ms (cache miss)
906 http fetch GET 200 https://registry.npmjs.org/@vue-macros/common/-/common-3.1.4.tgz 476ms (cache miss)
907 http fetch GET 200 https://registry.npmjs.org/unplugin-utils/-/unplugin-utils-0.3.2.tgz 482ms (cache miss)
908 http fetch GET 200 https://registry.npmjs.org/quansync/-/quansync-0.2.11.tgz 2206ms (cache miss)
909 http fetch GET 200 https://registry.npmjs.org/ast-kit/-/ast-kit-2.2.0.tgz 2208ms (cache miss)
910 http fetch GET 200 https://registry.npmjs.org/webpack-virtual-modules/-/webpack-virtual-modules-0.6.2.tgz 2300ms (cache miss)
911 http fetch GET 200 https://registry.npmjs.org/pkg-types/-/pkg-types-2.3.3.tgz 2299ms (cache miss)
912 http fetch GET 200 https://registry.npmjs.org/exsolve/-/exsolve-1.1.1.tgz 2303ms (cache miss)
913 http fetch GET 200 https://registry.npmjs.org/mlly/-/mlly-1.8.2.tgz 596ms (cache miss)
914 http fetch GET 200 https://registry.npmjs.org/ufo/-/ufo-1.6.4.tgz 2325ms (cache miss)
915 http fetch GET 200 https://registry.npmjs.org/@vue/compiler-ssr/-/compiler-ssr-3.5.43.tgz 857ms (cache miss)
916 http fetch GET 200 https://registry.npmjs.org/local-pkg/-/local-pkg-1.2.1.tgz 862ms (cache miss)
917 http fetch GET 200 https://registry.npmjs.org/@jridgewell/trace-mapping/-/trace-mapping-0.3.31.tgz 2662ms (cache miss)
918 http fetch GET 200 https://registry.npmjs.org/@babel/helper-string-parser/-/helper-string-parser-7.29.7.tgz 973ms (cache miss)
919 http fetch GET 200 https://registry.npmjs.org/ast-walker-scope/-/ast-walker-scope-0.9.0.tgz 979ms (cache miss)
920 http fetch GET 200 https://registry.npmjs.org/@vue/reactivity/-/reactivity-3.5.43.tgz 1115ms (cache miss)
921 http fetch GET 200 https://registry.npmjs.org/muggle-string/-/muggle-string-0.4.1.tgz 1288ms (cache miss)
922 http fetch GET 200 https://registry.npmjs.org/@vue/runtime-core/-/runtime-core-3.5.43.tgz 1396ms (cache miss)
923 http fetch GET 200 https://registry.npmjs.org/@babel/helper-validator-identifier/-/helper-validator-identifier-7.29.7.tgz 1409ms (cache miss)
924 http fetch GET 200 https://registry.npmjs.org/@jridgewell/remapping/-/remapping-2.3.5.tgz 3192ms (cache miss)
925 http fetch GET 200 https://registry.npmjs.org/magic-string/-/magic-string-0.30.21.tgz 1491ms (cache miss)
926 http fetch GET 200 https://registry.npmjs.org/@jridgewell/sourcemap-codec/-/sourcemap-codec-1.6.0.tgz 1506ms (cache miss)
927 http fetch GET 200 https://registry.npmjs.org/source-map-js/-/source-map-js-1.2.1.tgz 1703ms (cache miss)
928 http fetch GET 200 https://registry.npmjs.org/@vue/compiler-core/-/compiler-core-3.5.43.tgz 1717ms (cache miss)
929 http fetch GET 200 https://registry.npmjs.org/tinyglobby/-/tinyglobby-0.2.17.tgz 1772ms (cache miss)
930 http fetch GET 200 https://registry.npmjs.org/magic-string-ast/-/magic-string-ast-1.0.3.tgz 3632ms (cache miss)
931 http fetch GET 200 https://registry.npmjs.org/picomatch/-/picomatch-4.0.7.tgz 1899ms (cache miss)
932 http fetch GET 200 https://registry.npmjs.org/detect-libc/-/detect-libc-2.1.2.tgz 1982ms (cache miss)
933 http fetch GET 200 https://registry.npmjs.org/@vue/devtools-shared/-/devtools-shared-8.2.1.tgz 2056ms (cache miss)
934 http fetch GET 200 https://registry.npmjs.org/hookable/-/hookable-5.5.3.tgz 2151ms (cache miss)
935 http fetch GET 200 https://registry.npmjs.org/perfect-debounce/-/perfect-debounce-2.1.0.tgz 2247ms (cache miss)
936 http fetch GET 200 https://registry.npmjs.org/postcss/-/postcss-8.5.28.tgz 2357ms (cache miss)
937 http fetch GET 200 https://registry.npmjs.org/birpc/-/birpc-2.9.0.tgz 2481ms (cache miss)
938 http fetch GET 200 https://registry.npmjs.org/@vue/shared/-/shared-3.5.43.tgz 2504ms (cache miss)
939 http fetch GET 200 https://registry.npmjs.org/lightningcss/-/lightningcss-1.33.0.tgz 2659ms (cache miss)
940 http fetch GET 200 https://registry.npmjs.org/@vue/server-renderer/-/server-renderer-3.5.43.tgz 2705ms (cache miss)
941 http fetch GET 200 https://registry.npmjs.org/@vue/devtools-kit/-/devtools-kit-8.2.1.tgz 2697ms (cache miss)
942 http fetch GET 200 https://registry.npmjs.org/@vue/devtools-api/-/devtools-api-8.2.1.tgz 2695ms (cache miss)
943 http fetch GET 200 https://registry.npmjs.org/fdir/-/fdir-6.5.0.tgz 2817ms (cache miss)
944 http fetch GET 200 https://registry.npmjs.org/nanoid/-/nanoid-3.3.19.tgz 3019ms (cache miss)
945 http fetch GET 200 https://registry.npmjs.org/pinia/-/pinia-4.0.3.tgz 3184ms (cache miss)
946 http fetch GET 200 https://registry.npmjs.org/@jridgewell/gen-mapping/-/gen-mapping-0.3.13.tgz 3337ms (cache miss)
947 http fetch GET 200 https://registry.npmjs.org/@jridgewell/resolve-uri/-/resolve-uri-3.1.2.tgz 3339ms (cache miss)
948 http fetch GET 200 https://registry.npmjs.org/pkg-types/-/pkg-types-1.3.1.tgz 3355ms (cache miss)
949 http fetch GET 200 https://registry.npmjs.org/estree-walker/-/estree-walker-2.0.2.tgz 3652ms (cache miss)
950 http fetch GET 200 https://registry.npmjs.org/dexie-export-import/-/dexie-export-import-4.4.1.tgz 3743ms (cache miss)
951 http fetch GET 200 https://registry.npmjs.org/@rolldown/pluginutils/-/pluginutils-1.0.1.tgz 3835ms (cache miss)
952 http fetch GET 200 https://registry.npmjs.org/acorn/-/acorn-8.18.0.tgz 4003ms (cache miss)
953 http fetch GET 200 https://registry.npmjs.org/@vue/compiler-sfc/-/compiler-sfc-3.5.43.tgz 4134ms (cache miss)
954 http fetch GET 200 https://registry.npmjs.org/@vue/compiler-dom/-/compiler-dom-3.5.43.tgz 4149ms (cache miss)
955 http fetch GET 200 https://registry.npmjs.org/@vitejs/plugin-vue/-/plugin-vue-6.0.9.tgz 4521ms (cache miss)
956 http fetch GET 200 https://registry.npmjs.org/pathe/-/pathe-2.0.3.tgz 5173ms (cache miss)
957 http fetch GET 200 https://registry.npmjs.org/rolldown/-/rolldown-1.2.9.tgz 5699ms (cache miss)
958 http fetch GET 200 https://registry.npmjs.org/nostics/-/nostics-1.2.0.tgz 5962ms (cache miss)
959 http fetch GET 200 https://registry.npmjs.org/confbox/-/confbox-0.2.4.tgz 6182ms (cache miss)
960 http fetch GET 200 https://registry.npmjs.org/entities/-/entities-7.0.1.tgz 6800ms (cache miss)
961 http fetch GET 200 https://registry.npmjs.org/unplugin/-/unplugin-3.4.0.tgz 6838ms (cache miss)
962 http fetch GET 200 https://registry.npmjs.org/confbox/-/confbox-0.1.8.tgz 7014ms (cache miss)
963 http fetch GET 200 https://registry.npmjs.org/confbox/-/confbox-0.3.1.tgz 7136ms (cache miss)
964 http fetch GET 200 https://registry.npmjs.org/@babel/parser/-/parser-7.29.9.tgz 7707ms (cache miss)
965 http fetch GET 200 https://registry.npmjs.org/@vue/runtime-dom/-/runtime-dom-3.5.43.tgz 8054ms (cache miss)
966 http fetch GET 200 https://registry.npmjs.org/vue-router/-/vue-router-5.3.1.tgz 8276ms (cache miss)
967 http fetch GET 200 https://registry.npmjs.org/@babel/types/-/types-7.29.8.tgz 8953ms (cache miss)
968 http fetch GET 200 https://registry.npmjs.org/vite/-/vite-8.3.0.tgz 9212ms (cache miss)
969 http fetch GET 200 https://registry.npmjs.org/vue/-/vue-3.5.43.tgz 12135ms (cache miss)
970 http fetch GET 200 https://registry.npmjs.org/dexie/-/dexie-4.4.6.tgz 14779ms (cache miss)
971 http fetch GET 200 https://registry.npmjs.org/lightningcss-win32-x64-msvc/-/lightningcss-win32-x64-msvc-1.33.0.tgz 22552ms (cache miss)
972 http fetch GET 200 https://registry.npmjs.org/@phosphor-icons/vue/-/vue-2.2.1.tgz 29696ms (cache miss)
973 http fetch GET 200 https://registry.npmjs.org/@rolldown/binding-win32-x64-msvc/-/binding-win32-x64-msvc-1.2.9.tgz 45359ms (cache miss)
974 silly ADD node_modules/@jridgewell/resolve-uri
975 silly ADD node_modules/@jridgewell/trace-mapping
976 silly ADD node_modules/@jridgewell/gen-mapping
977 silly ADD node_modules/webpack-virtual-modules
978 silly ADD node_modules/@jridgewell/remapping
979 silly ADD node_modules/exsolve
980 silly ADD node_modules/ufo
981 silly ADD node_modules/acorn
982 silly ADD node_modules/quansync
983 silly ADD node_modules/pkg-types
984 silly ADD node_modules/pkg-types/node_modules/confbox
985 silly ADD node_modules/readdirp
986 silly ADD node_modules/magic-string-ast
987 silly ADD node_modules/ast-kit
988 silly ADD node_modules/unplugin-utils
989 silly ADD node_modules/unplugin
990 silly ADD node_modules/scule
991 silly ADD node_modules/pathe
992 silly ADD node_modules/muggle-string
993 silly ADD node_modules/mlly
994 silly ADD node_modules/mlly/node_modules/confbox
995 silly ADD node_modules/mlly/node_modules/pkg-types
996 silly ADD node_modules/local-pkg
997 silly ADD node_modules/confbox
998 silly ADD node_modules/chokidar
999 silly ADD node_modules/ast-walker-scope
1000 silly ADD node_modules/@vue-macros/common
1001 silly ADD node_modules/@jridgewell/sourcemap-codec
1002 silly ADD node_modules/csstype
1003 silly ADD node_modules/@vue/runtime-core
1004 silly ADD node_modules/@vue/reactivity
1005 silly ADD node_modules/magic-string
1006 silly ADD node_modules/@vue/compiler-ssr
1007 silly ADD node_modules/@babel/helper-validator-identifier
1008 silly ADD node_modules/@babel/helper-string-parser
1009 silly ADD node_modules/@babel/types
1010 silly ADD node_modules/estree-walker
1011 silly ADD node_modules/entities
1012 silly ADD node_modules/@babel/parser
1013 silly ADD node_modules/@vue/compiler-core
1014 silly ADD node_modules/@vue/shared
1015 silly ADD node_modules/@vue/server-renderer
1016 silly ADD node_modules/@vue/runtime-dom
1017 silly ADD node_modules/@vue/compiler-sfc
1018 silly ADD node_modules/@vue/compiler-dom
1019 silly ADD node_modules/fdir
1020 silly ADD node_modules/@rolldown/binding-win32-x64-msvc
1021 silly ADD node_modules/@oxc-project/types
1022 silly ADD node_modules/source-map-js
1023 silly ADD node_modules/picocolors
1024 silly ADD node_modules/nanoid
1025 silly ADD node_modules/lightningcss-win32-x64-msvc
1026 silly ADD node_modules/detect-libc
1027 silly ADD node_modules/tinyglobby
1028 silly ADD node_modules/rolldown
1029 silly ADD node_modules/postcss
1030 silly ADD node_modules/picomatch
1031 silly ADD node_modules/lightningcss
1032 silly ADD node_modules/nostics
1033 silly ADD node_modules/perfect-debounce
1034 silly ADD node_modules/hookable
1035 silly ADD node_modules/birpc
1036 silly ADD node_modules/@vue/devtools-shared
1037 silly ADD node_modules/@vue/devtools-kit
1038 silly ADD node_modules/@rolldown/pluginutils
1039 silly ADD node_modules/vue-router
1040 silly ADD node_modules/@vue/devtools-api
1041 silly ADD node_modules/pinia
1042 silly ADD node_modules/dexie-export-import
1043 silly ADD node_modules/dexie
1044 silly ADD node_modules/vite
1045 silly ADD node_modules/@vitejs/plugin-vue
1046 silly ADD node_modules/vue
1047 silly ADD node_modules/@phosphor-icons/vue
1048 verbose cwd D:\Files\WorkSpace\vibe-coding\memophotos
1049 verbose os Windows_NT 10.0.26200
1050 verbose node v24.16.0
1051 verbose npm  v11.13.0
1052 notice
1052 notice New major version of npm available! 11.13.0 -> 12.0.2
1052 notice Changelog: https://github.com/npm/cli/releases/tag/v12.0.2
1052 notice To update run: npm install -g npm@12.0.2
1052 notice  { force: true, Symbol(proc-log.meta): true }
1053 verbose exit 0
1054 info ok
